
 Start         Length     Name                   Class
 0001:00000000 000C4AE4H .text                   CODE
 0002:00000000 000027A4H .data                   DATA
 0002:000027A4 00001431H .bss                    BSS


Detailed map of segments

 0001:00000000 000057C7 C=CODE     S=.text    G=(none)   M=System   ACBP=A9
 0001:000057C8 00000140 C=CODE     S=.text    G=(none)   M=SysInit  ACBP=A9
 0001:00005908 00000090 C=CODE     S=.text    G=(none)   M=Types    ACBP=A9
 0001:00005998 00000E74 C=CODE     S=.text    G=(none)   M=Windows  ACBP=A9
 0001:0000680C 00000038 C=CODE     S=.text    G=(none)   M=Messages ACBP=A9
 0001:00006844 00000348 C=CODE     S=.text    G=(none)   M=SysConst ACBP=A9
 0001:00006B8C 0000705C C=CODE     S=.text    G=(none)   M=SysUtils ACBP=A9
 0001:0000DBE8 000007FB C=CODE     S=.text    G=(none)   M=VarUtils ACBP=A9
 0001:0000E3E4 00005D1E C=CODE     S=.text    G=(none)   M=Variants ACBP=A9
 0001:00014104 00000180 C=CODE     S=.text    G=(none)   M=RTLConsts ACBP=A9
 0001:00014284 0000083C C=CODE     S=.text    G=(none)   M=TypInfo  ACBP=A9
 0001:00014AC0 00000338 C=CODE     S=.text    G=(none)   M=ActiveX  ACBP=A9
 0001:00014DF8 0000A2C2 C=CODE     S=.text    G=(none)   M=Classes  ACBP=A9
 0001:0001F0BC 00000360 C=CODE     S=.text    G=(none)   M=Consts   ACBP=A9
 0001:0001F41C 00009AFF C=CODE     S=.text    G=(none)   M=Graphics ACBP=A9
 0001:00028F1C 00000048 C=CODE     S=.text    G=(none)   M=Math     ACBP=A9
 0001:00028F64 00000564 C=CODE     S=.text    G=(none)   M=Contnrs  ACBP=A9
 0001:000294C8 0000025C C=CODE     S=.text    G=(none)   M=CommCtrl ACBP=A9
 0001:00029724 00000787 C=CODE     S=.text    G=(none)   M=MultiMon ACBP=A9
 0001:00029EAC 00000038 C=CODE     S=.text    G=(none)   M=Imm      ACBP=A9
 0001:00029EE4 00000FF8 C=CODE     S=.text    G=(none)   M=HelpIntfs ACBP=A9
 0001:0002AEDC 00000058 C=CODE     S=.text    G=(none)   M=WinSpool ACBP=A9
 0001:0002AF34 00001090 C=CODE     S=.text    G=(none)   M=Printers ACBP=A9
 0001:0002BFC4 0000031F C=CODE     S=.text    G=(none)   M=FlatSB   ACBP=A9
 0001:0002C2E4 000001A4 C=CODE     S=.text    G=(none)   M=SyncObjs ACBP=A9
 0001:0002C488 000009BB C=CODE     S=.text    G=(none)   M=UxTheme  ACBP=A9
 0001:0002CE44 00000038 C=CODE     S=.text    G=(none)   M=RichEdit ACBP=A9
 0001:0002CE7C 00000038 C=CODE     S=.text    G=(none)   M=ToolWin  ACBP=A9
 0001:0002CEB4 00000048 C=CODE     S=.text    G=(none)   M=ShellAPI ACBP=A9
 0001:0002CEFC 00000038 C=CODE     S=.text    G=(none)   M=RegStr   ACBP=A9
 0001:0002CF34 00000038 C=CODE     S=.text    G=(none)   M=WinInet  ACBP=A9
 0001:0002CF6C 00000038 C=CODE     S=.text    G=(none)   M=UrlMon   ACBP=A9
 0001:0002CFA4 0000008C C=CODE     S=.text    G=(none)   M=ShlObj   ACBP=A9
 0001:0002D030 00000050 C=CODE     S=.text    G=(none)   M=CommDlg  ACBP=A9
 0001:0002D080 00000038 C=CODE     S=.text    G=(none)   M=Dlgs     ACBP=A9
 0001:0002D0B8 00002E51 C=CODE     S=.text    G=(none)   M=Dialogs  ACBP=A9
 0001:0002FF0C 0000241E C=CODE     S=.text    G=(none)   M=ExtCtrls ACBP=A9
 0001:0003232C 000000B8 C=CODE     S=.text    G=(none)   M=ComStrs  ACBP=A9
 0001:000323E4 0000069C C=CODE     S=.text    G=(none)   M=Clipbrd  ACBP=A9
 0001:00032A80 00000038 C=CODE     S=.text    G=(none)   M=StrUtils ACBP=A9
 0001:00032AB8 00003821 C=CODE     S=.text    G=(none)   M=Buttons  ACBP=A9
 0001:000362DC 00000038 C=CODE     S=.text    G=(none)   M=ExtDlgs  ACBP=A9
 0001:00036314 00001014 C=CODE     S=.text    G=(none)   M=IniFiles ACBP=A9
 0001:00037328 000005F8 C=CODE     S=.text    G=(none)   M=Registry ACBP=A9
 0001:00037920 0000006C C=CODE     S=.text    G=(none)   M=Mapi     ACBP=A9
 0001:0003798C 00000058 C=CODE     S=.text    G=(none)   M=ExtActns ACBP=A9
 0001:000379E4 00000038 C=CODE     S=.text    G=(none)   M=ListActns ACBP=A9
 0001:00037A1C 00007980 C=CODE     S=.text    G=(none)   M=ComCtrls ACBP=A9
 0001:0003F39C 00000EDC C=CODE     S=.text    G=(none)   M=Themes   ACBP=A9
 0001:00040278 0000C67C C=CODE     S=.text    G=(none)   M=StdCtrls ACBP=A9
 0001:0004C8F4 00000168 C=CODE     S=.text    G=(none)   M=StdActns ACBP=A9
 0001:0004CA5C 00000D1F C=CODE     S=.text    G=(none)   M=WinHelpViewer ACBP=A9
 0001:0004D77C 0001141B C=CODE     S=.text    G=(none)   M=Controls ACBP=A9
 0001:0005EB98 000012D6 C=CODE     S=.text    G=(none)   M=ActnList ACBP=A9
 0001:0005FE70 00001D8C C=CODE     S=.text    G=(none)   M=ImgList  ACBP=A9
 0001:00061BFC 000066E1 C=CODE     S=.text    G=(none)   M=Menus    ACBP=A9
 0001:000682E0 0000C6D4 C=CODE     S=.text    G=(none)   M=Forms    ACBP=A9
 0001:000749B4 00000038 C=CODE     S=.text    G=(none)   M=WinSock  ACBP=A9
 0001:000749EC 00000060 C=CODE     S=.text    G=(none)   M=ComConst ACBP=A9
 0001:00074A4C 000011B5 C=CODE     S=.text    G=(none)   M=ComObj   ACBP=A9
 0001:00075C04 00001074 C=CODE     S=.text    G=(none)   M=MysqlComponent ACBP=A9
 0001:00076C78 00001BFC C=CODE     S=.text    G=(none)   M=Spin     ACBP=A9
 0001:00078874 0000517C C=CODE     S=.text    G=(none)   M=FileCtrl ACBP=A9
 0001:0007D9F0 000017F4 C=CODE     S=.text    G=(none)   M=InfoMP3  ACBP=A9
 0001:0007F1E4 00000A2C C=CODE     S=.text    G=(none)   M=MaskUtils ACBP=A9
 0001:0007FC10 000029E8 C=CODE     S=.text    G=(none)   M=Mask     ACBP=A9
 0001:000825F8 00009274 C=CODE     S=.text    G=(none)   M=Grids    ACBP=A9
 0001:0008B86C 00000090 C=CODE     S=.text    G=(none)   M=BASS     ACBP=A9
 0001:0008B8FC 000000E4 C=CODE     S=.text    G=(none)   M=XPMan    ACBP=A9
 0001:0008B9E0 00000424 C=CODE     S=.text    G=(none)   M=SimpleTimer ACBP=A9
 0001:0008BE04 00001ADC C=CODE     S=.text    G=(none)   M=CoolTrayIcon ACBP=A9
 0001:0008D8E0 00000038 C=CODE     S=.text    G=(none)   M=JvVCL5Utils ACBP=A9
 0001:0008D918 00000038 C=CODE     S=.text    G=(none)   M=JvWin32  ACBP=A9
 0001:0008D950 00000038 C=CODE     S=.text    G=(none)   M=JvConsts ACBP=A9
 0001:0008D988 000002B8 C=CODE     S=.text    G=(none)   M=JvResources ACBP=A9
 0001:0008DC40 00000B9C C=CODE     S=.text    G=(none)   M=JvTypes  ACBP=A9
 0001:0008E7DC 00000038 C=CODE     S=.text    G=(none)   M=MMSystem ACBP=A9
 0001:0008E814 00000250 C=CODE     S=.text    G=(none)   M=JvJCLUtils ACBP=A9
 0001:0008EA64 0000006C C=CODE     S=.text    G=(none)   M=JVCLVer  ACBP=A9
 0001:0008EAD0 00000038 C=CODE     S=.text    G=(none)   M=JvComponentBase ACBP=A9
 0001:0008EB08 000005C3 C=CODE     S=.text    G=(none)   M=JvThemes ACBP=A9
 0001:0008F0CC 0000178C C=CODE     S=.text    G=(none)   M=JvExControls ACBP=A9
 0001:00090858 00000038 C=CODE     S=.text    G=(none)   M=JvExExtCtrls ACBP=A9
 0001:00090890 00000038 C=CODE     S=.text    G=(none)   M=JvExForms ACBP=A9
 0001:000908C8 00000BA8 C=CODE     S=.text    G=(none)   M=JvExStdCtrls ACBP=A9
 0001:00091470 00000038 C=CODE     S=.text    G=(none)   M=JvExComCtrls ACBP=A9
 0001:000914A8 000002E0 C=CODE     S=.text    G=(none)   M=JvComponent ACBP=A9
 0001:00091788 00001278 C=CODE     S=.text    G=(none)   M=JvExButtons ACBP=A9
 0001:00092A00 000050D4 C=CODE     S=.text    G=(none)   M=JvLookOut ACBP=A9
 0001:00097AD4 00000038 C=CODE     S=.text    G=(none)   M=StdVCL   ACBP=A9
 0001:00097B0C 00001793 C=CODE     S=.text    G=(none)   M=AxCtrls  ACBP=A9
 0001:000992A0 00000060 C=CODE     S=.text    G=(none)   M=OleConst ACBP=A9
 0001:00099300 00003469 C=CODE     S=.text    G=(none)   M=OleCtrls ACBP=A9
 0001:0009C76C 000008EA C=CODE     S=.text    G=(none)   M=OleServer ACBP=A9
 0001:0009D058 00000038 C=CODE     S=.text    G=(none)   M=SHDocVw  ACBP=A9
 0001:0009D090 00000600 C=CODE     S=.text    G=(none)   M=U_ConfMySQL ACBP=A9
 0001:0009D690 00000464 C=CODE     S=.text    G=(none)   M=U_About  ACBP=A9
 0001:0009DAF4 000000A4 C=CODE     S=.text    G=(none)   M=DateUtils ACBP=A9
 0001:0009DB98 000001D0 C=CODE     S=.text    G=(none)   M=JclResources ACBP=A9
 0001:0009DD68 00000038 C=CODE     S=.text    G=(none)   M=JclBase  ACBP=A9
 0001:0009DDA0 00000038 C=CODE     S=.text    G=(none)   M=AccCtrl  ACBP=A9
 0001:0009DDD8 00000040 C=CODE     S=.text    G=(none)   M=JclWin32 ACBP=A9
 0001:0009DE18 00000038 C=CODE     S=.text    G=(none)   M=JclConsole ACBP=A9
 0001:0009DE50 00000068 C=CODE     S=.text    G=(none)   M=JclWideStrings ACBP=A9
 0001:0009DEB8 00000038 C=CODE     S=.text    G=(none)   M=JclLogic ACBP=A9
 0001:0009DEF0 00000158 C=CODE     S=.text    G=(none)   M=JclStrings ACBP=A9
 0001:0009E048 00000038 C=CODE     S=.text    G=(none)   M=Jcl8087  ACBP=A9
 0001:0009E080 00000038 C=CODE     S=.text    G=(none)   M=JclMath  ACBP=A9
 0001:0009E0B8 00000084 C=CODE     S=.text    G=(none)   M=JclSysUtils ACBP=A9
 0001:0009E13C 00000038 C=CODE     S=.text    G=(none)   M=Snmp     ACBP=A9
 0001:0009E174 00000038 C=CODE     S=.text    G=(none)   M=TlHelp32 ACBP=A9
 0001:0009E1AC 00000038 C=CODE     S=.text    G=(none)   M=PsAPI    ACBP=A9
 0001:0009E1E4 00000038 C=CODE     S=.text    G=(none)   M=JclRegistry ACBP=A9
 0001:0009E21C 00000038 C=CODE     S=.text    G=(none)   M=JclIniFiles ACBP=A9
 0001:0009E254 000006B5 C=CODE     S=.text    G=(none)   M=JclSysInfo ACBP=A9
 0001:0009E90C 00000044 C=CODE     S=.text    G=(none)   M=JclShell ACBP=A9
 0001:0009E950 00000038 C=CODE     S=.text    G=(none)   M=JclSecurity ACBP=A9
 0001:0009E988 00000038 C=CODE     S=.text    G=(none)   M=JclDateTime ACBP=A9
 0001:0009E9C0 00000124 C=CODE     S=.text    G=(none)   M=JclFileUtils ACBP=A9
 0001:0009EAE4 000001BF C=CODE     S=.text    G=(none)   M=JclRTTI  ACBP=A9
 0001:0009ECA4 00000038 C=CODE     S=.text    G=(none)   M=JclMime  ACBP=A9
 0001:0009ECDC 000001D0 C=CODE     S=.text    G=(none)   M=JvPropertyStore ACBP=A9
 0001:0009EEAC 0000013B C=CODE     S=.text    G=(none)   M=JvAppStorage ACBP=A9
 0001:0009EFE8 00000044 C=CODE     S=.text    G=(none)   M=JvProgressUtils ACBP=A9
 0001:0009F02C 000002BF C=CODE     S=.text    G=(none)   M=JvJVCLUtils ACBP=A9
 0001:0009F2EC 000007E8 C=CODE     S=.text    G=(none)   M=JvBitBtn ACBP=A9
 0001:0009FAD4 000006AC C=CODE     S=.text    G=(none)   M=JvButton ACBP=A9
 0001:000A0180 00000038 C=CODE     S=.text    G=(none)   M=JvTransparentButton ACBP=A9
 0001:000A01B8 00001247 C=CODE     S=.text    G=(none)   M=AppEvnts ACBP=A9
 0001:000A1400 0000075C C=CODE     S=.text    G=(none)   M=FindCat  ACBP=A9
 0001:000A1B5C 000039F0 C=CODE     S=.text    G=(none)   M=U_Gestion ACBP=A9
 0001:000A554C 00001528 C=CODE     S=.text    G=(none)   M=U_AddZikToPage ACBP=A9
 0001:000A6A74 000019F0 C=CODE     S=.text    G=(none)   M=U_Bibliotheque ACBP=A9
 0001:000A8464 00000EDC C=CODE     S=.text    G=(none)   M=U_Jingles ACBP=A9
 0001:000A9340 000046E4 C=CODE     S=.text    G=(none)   M=U_Waitlist ACBP=A9
 0001:000ADA24 000012BC C=CODE     S=.text    G=(none)   M=U_GrillePub ACBP=A9
 0001:000AECE0 00000038 C=CODE     S=.text    G=(none)   M=MPlayer  ACBP=A9
 0001:000AED18 00001A00 C=CODE     S=.text    G=(none)   M=U_Canvas ACBP=A9
 0001:000B0718 00001FD0 C=CODE     S=.text    G=(none)   M=U_Timer  ACBP=A9
 0001:000B26E8 00000DB0 C=CODE     S=.text    G=(none)   M=U_Users  ACBP=A9
 0001:000B3498 00000B78 C=CODE     S=.text    G=(none)   M=U_SelectPub ACBP=A9
 0001:000B4010 0000185C C=CODE     S=.text    G=(none)   M=U_Campaign ACBP=A9
 0001:000B586C 00001BC8 C=CODE     S=.text    G=(none)   M=JvCtrls  ACBP=A9
 0001:000B7434 00001854 C=CODE     S=.text    G=(none)   M=U_Planning ACBP=A9
 0001:000B8C88 00000A98 C=CODE     S=.text    G=(none)   M=U_Stations ACBP=A9
 0001:000B9720 0000260C C=CODE     S=.text    G=(none)   M=U_PubLocale ACBP=A9
 0001:000BBD2C 00000544 C=CODE     S=.text    G=(none)   M=U_ModifyDuree ACBP=A9
 0001:000BC270 000012BC C=CODE     S=.text    G=(none)   M=U_log    ACBP=A9
 0001:000BD52C 0000051C C=CODE     S=.text    G=(none)   M=U_Config ACBP=A9
 0001:000BDA48 000003A8 C=CODE     S=.text    G=(none)   M=U_Administration ACBP=A9
 0001:000BDDF0 00000724 C=CODE     S=.text    G=(none)   M=U_Formats ACBP=A9
 0001:000BE514 000023D4 C=CODE     S=.text    G=(none)   M=U_Welcome ACBP=A9
 0001:000C08E8 000031F8 C=CODE     S=.text    G=(none)   M=U_Admin  ACBP=A9
 0001:000C3AE0 00000855 C=CODE     S=.text    G=(none)   M=mysql    ACBP=A9
 0001:000C4338 00000038 C=CODE     S=.text    G=(none)   M=mysqlcomp ACBP=A9
 0001:000C4370 00000038 C=CODE     S=.text    G=(none)   M=ExecAndWait ACBP=A9
 0001:000C43A8 0000073C C=CODE     S=.text    G=(none)   M=Admin    ACBP=A9
 0002:00000000 000000C0 C=DATA     S=.data    G=DGROUP   M=System   ACBP=A9
 0002:000000C0 00000020 C=DATA     S=.data    G=DGROUP   M=SysInit  ACBP=A9
 0002:000000E0 00000254 C=DATA     S=.data    G=DGROUP   M=SysUtils ACBP=A9
 0002:00000334 00000008 C=DATA     S=.data    G=DGROUP   M=VarUtils ACBP=A9
 0002:0000033C 0000008E C=DATA     S=.data    G=DGROUP   M=Variants ACBP=A9
 0002:000003CC 0000000C C=DATA     S=.data    G=DGROUP   M=TypInfo  ACBP=A9
 0002:000003D8 00000010 C=DATA     S=.data    G=DGROUP   M=ActiveX  ACBP=A9
 0002:000003E8 000000E4 C=DATA     S=.data    G=DGROUP   M=Classes  ACBP=A9
 0002:000004CC 00000304 C=DATA     S=.data    G=DGROUP   M=Graphics ACBP=A9
 0002:000007D0 00000004 C=DATA     S=.data    G=DGROUP   M=Printers ACBP=A9
 0002:000007D4 00000120 C=DATA     S=.data    G=DGROUP   M=Dialogs  ACBP=A9
 0002:000008F4 0000018C C=DATA     S=.data    G=DGROUP   M=ExtCtrls ACBP=A9
 0002:00000A80 0000009E C=DATA     S=.data    G=DGROUP   M=Buttons  ACBP=A9
 0002:00000B20 00000008 C=DATA     S=.data    G=DGROUP   M=IniFiles ACBP=A9
 0002:00000B28 00000008 C=DATA     S=.data    G=DGROUP   M=Registry ACBP=A9
 0002:00000B30 00000008 C=DATA     S=.data    G=DGROUP   M=Mapi     ACBP=A9
 0002:00000B38 000000B4 C=DATA     S=.data    G=DGROUP   M=ComCtrls ACBP=A9
 0002:00000BEC 00000068 C=DATA     S=.data    G=DGROUP   M=Themes   ACBP=A9
 0002:00000C54 00000154 C=DATA     S=.data    G=DGROUP   M=StdCtrls ACBP=A9
 0002:00000DA8 0000013C C=DATA     S=.data    G=DGROUP   M=Controls ACBP=A9
 0002:00000EE4 0000002C C=DATA     S=.data    G=DGROUP   M=ImgList  ACBP=A9
 0002:00000F10 000000EC C=DATA     S=.data    G=DGROUP   M=Menus    ACBP=A9
 0002:00000FFC 0000011C C=DATA     S=.data    G=DGROUP   M=Forms    ACBP=A9
 0002:00001118 00000030 C=DATA     S=.data    G=DGROUP   M=ComObj   ACBP=A9
 0002:00001148 00000005 C=DATA     S=.data    G=DGROUP   M=MysqlComponent ACBP=A9
 0002:00001150 0000000E C=DATA     S=.data    G=DGROUP   M=FileCtrl ACBP=A9
 0002:00001160 000003C8 C=DATA     S=.data    G=DGROUP   M=InfoMP3  ACBP=A9
 0002:00001528 00000009 C=DATA     S=.data    G=DGROUP   M=MaskUtils ACBP=A9
 0002:00001534 00000004 C=DATA     S=.data    G=DGROUP   M=Mask     ACBP=A9
 0002:00001538 00000006 C=DATA     S=.data    G=DGROUP   M=Grids    ACBP=A9
 0002:00001540 00000004 C=DATA     S=.data    G=DGROUP   M=SimpleTimer ACBP=A9
 0002:00001544 00000004 C=DATA     S=.data    G=DGROUP   M=CoolTrayIcon ACBP=A9
 0002:00001548 0000000E C=DATA     S=.data    G=DGROUP   M=JvConsts ACBP=A9
 0002:00001558 00000438 C=DATA     S=.data    G=DGROUP   M=JvTypes  ACBP=A9
 0002:00001990 00000048 C=DATA     S=.data    G=DGROUP   M=JvJCLUtils ACBP=A9
 0002:000019D8 00000008 C=DATA     S=.data    G=DGROUP   M=JvExControls ACBP=A9
 0002:000019E0 0000002C C=DATA     S=.data    G=DGROUP   M=OleCtrls ACBP=A9
 0002:00001A0C 00000004 C=DATA     S=.data    G=DGROUP   M=JclWideStrings ACBP=A9
 0002:00001A10 0000000C C=DATA     S=.data    G=DGROUP   M=JclStrings ACBP=A9
 0002:00001A1C 00000008 C=DATA     S=.data    G=DGROUP   M=JclSysUtils ACBP=A9
 0002:00001A24 00000450 C=DATA     S=.data    G=DGROUP   M=JclSysInfo ACBP=A9
 0002:00001E74 00000004 C=DATA     S=.data    G=DGROUP   M=JclShell ACBP=A9
 0002:00001E78 00000040 C=DATA     S=.data    G=DGROUP   M=JvPropertyStore ACBP=A9
 0002:00001EB8 00000004 C=DATA     S=.data    G=DGROUP   M=JvProgressUtils ACBP=A9
 0002:00001EBC 00000034 C=DATA     S=.data    G=DGROUP   M=JvJVCLUtils ACBP=A9
 0002:00001EF0 00000004 C=DATA     S=.data    G=DGROUP   M=JvButton ACBP=A9
 0002:00001EF4 00000004 C=DATA     S=.data    G=DGROUP   M=AppEvnts ACBP=A9
 0002:00001EF8 0000001C C=DATA     S=.data    G=DGROUP   M=U_Waitlist ACBP=A9
 0002:00001F14 00000090 C=DATA     S=.data    G=DGROUP   M=JvCtrls  ACBP=A9
 0002:00001FA4 0000001C C=DATA     S=.data    G=DGROUP   M=U_log    ACBP=A9
 0002:00001FC0 00000005 C=DATA     S=.data    G=DGROUP   M=mysql    ACBP=A9
 0002:00003000 00000664 C=BSS      S=.bss     G=DGROUP   M=System   ACBP=A9
 0002:00003664 00000010 C=BSS      S=.bss     G=DGROUP   M=SysInit  ACBP=A9
 0002:00003674 00000004 C=BSS      S=.bss     G=DGROUP   M=Types    ACBP=A9
 0002:00003678 00000004 C=BSS      S=.bss     G=DGROUP   M=Windows  ACBP=A9
 0002:0000367C 00000004 C=BSS      S=.bss     G=DGROUP   M=Messages ACBP=A9
 0002:00003680 00000004 C=BSS      S=.bss     G=DGROUP   M=SysConst ACBP=A9
 0002:00003684 00000120 C=BSS      S=.bss     G=DGROUP   M=SysUtils ACBP=A9
 0002:000037A4 0000005C C=BSS      S=.bss     G=DGROUP   M=VarUtils ACBP=A9
 0002:00003800 00000040 C=BSS      S=.bss     G=DGROUP   M=Variants ACBP=A9
 0002:00003840 00000004 C=BSS      S=.bss     G=DGROUP   M=RTLConsts ACBP=A9
 0002:00003844 00000004 C=BSS      S=.bss     G=DGROUP   M=TypInfo  ACBP=A9
 0002:00003848 00000004 C=BSS      S=.bss     G=DGROUP   M=ActiveX  ACBP=A9
 0002:0000384C 00000040 C=BSS      S=.bss     G=DGROUP   M=Classes  ACBP=A9
 0002:0000388C 00000004 C=BSS      S=.bss     G=DGROUP   M=Consts   ACBP=A9
 0002:00003890 00000060 C=BSS      S=.bss     G=DGROUP   M=Graphics ACBP=A9
 0002:000038F0 00000004 C=BSS      S=.bss     G=DGROUP   M=Math     ACBP=A9
 0002:000038F4 00000004 C=BSS      S=.bss     G=DGROUP   M=Contnrs  ACBP=A9
 0002:000038F8 0000000C C=BSS      S=.bss     G=DGROUP   M=CommCtrl ACBP=A9
 0002:00003904 00000031 C=BSS      S=.bss     G=DGROUP   M=MultiMon ACBP=A9
 0002:00003938 00000004 C=BSS      S=.bss     G=DGROUP   M=Imm      ACBP=A9
 0002:0000393C 00000008 C=BSS      S=.bss     G=DGROUP   M=HelpIntfs ACBP=A9
 0002:00003944 00000004 C=BSS      S=.bss     G=DGROUP   M=WinSpool ACBP=A9
 0002:00003948 00000004 C=BSS      S=.bss     G=DGROUP   M=Printers ACBP=A9
 0002:0000394C 00000034 C=BSS      S=.bss     G=DGROUP   M=FlatSB   ACBP=A9
 0002:00003980 00000004 C=BSS      S=.bss     G=DGROUP   M=SyncObjs ACBP=A9
 0002:00003984 000000CC C=BSS      S=.bss     G=DGROUP   M=UxTheme  ACBP=A9
 0002:00003A50 00000004 C=BSS      S=.bss     G=DGROUP   M=RichEdit ACBP=A9
 0002:00003A54 00000004 C=BSS      S=.bss     G=DGROUP   M=ToolWin  ACBP=A9
 0002:00003A58 00000004 C=BSS      S=.bss     G=DGROUP   M=ShellAPI ACBP=A9
 0002:00003A5C 00000004 C=BSS      S=.bss     G=DGROUP   M=RegStr   ACBP=A9
 0002:00003A60 00000004 C=BSS      S=.bss     G=DGROUP   M=WinInet  ACBP=A9
 0002:00003A64 00000004 C=BSS      S=.bss     G=DGROUP   M=UrlMon   ACBP=A9
 0002:00003A68 00000004 C=BSS      S=.bss     G=DGROUP   M=ShlObj   ACBP=A9
 0002:00003A6C 00000004 C=BSS      S=.bss     G=DGROUP   M=CommDlg  ACBP=A9
 0002:00003A70 00000004 C=BSS      S=.bss     G=DGROUP   M=Dlgs     ACBP=A9
 0002:00003A74 00000038 C=BSS      S=.bss     G=DGROUP   M=Dialogs  ACBP=A9
 0002:00003AAC 00000004 C=BSS      S=.bss     G=DGROUP   M=ExtCtrls ACBP=A9
 0002:00003AB0 00000004 C=BSS      S=.bss     G=DGROUP   M=ComStrs  ACBP=A9
 0002:00003AB4 0000000C C=BSS      S=.bss     G=DGROUP   M=Clipbrd  ACBP=A9
 0002:00003AC0 00000004 C=BSS      S=.bss     G=DGROUP   M=StrUtils ACBP=A9
 0002:00003AC4 00000030 C=BSS      S=.bss     G=DGROUP   M=Buttons  ACBP=A9
 0002:00003AF4 00000004 C=BSS      S=.bss     G=DGROUP   M=ExtDlgs  ACBP=A9
 0002:00003AF8 00000004 C=BSS      S=.bss     G=DGROUP   M=IniFiles ACBP=A9
 0002:00003AFC 00000004 C=BSS      S=.bss     G=DGROUP   M=Registry ACBP=A9
 0002:00003B00 00000004 C=BSS      S=.bss     G=DGROUP   M=Mapi     ACBP=A9
 0002:00003B04 00000009 C=BSS      S=.bss     G=DGROUP   M=ExtActns ACBP=A9
 0002:00003B10 00000004 C=BSS      S=.bss     G=DGROUP   M=ListActns ACBP=A9
 0002:00003B14 00000010 C=BSS      S=.bss     G=DGROUP   M=ComCtrls ACBP=A9
 0002:00003B24 00000008 C=BSS      S=.bss     G=DGROUP   M=Themes   ACBP=A9
 0002:00003B2C 00000004 C=BSS      S=.bss     G=DGROUP   M=StdCtrls ACBP=A9
 0002:00003B30 00000004 C=BSS      S=.bss     G=DGROUP   M=StdActns ACBP=A9
 0002:00003B34 00000014 C=BSS      S=.bss     G=DGROUP   M=WinHelpViewer ACBP=A9
 0002:00003B48 00000080 C=BSS      S=.bss     G=DGROUP   M=Controls ACBP=A9
 0002:00003BC8 00000004 C=BSS      S=.bss     G=DGROUP   M=ActnList ACBP=A9
 0002:00003BCC 0000000C C=BSS      S=.bss     G=DGROUP   M=ImgList  ACBP=A9
 0002:00003BD8 00000010 C=BSS      S=.bss     G=DGROUP   M=Menus    ACBP=A9
 0002:00003BE8 00000020 C=BSS      S=.bss     G=DGROUP   M=Forms    ACBP=A9
 0002:00003C08 00000004 C=BSS      S=.bss     G=DGROUP   M=WinSock  ACBP=A9
 0002:00003C0C 00000004 C=BSS      S=.bss     G=DGROUP   M=ComConst ACBP=A9
 0002:00003C10 00000011 C=BSS      S=.bss     G=DGROUP   M=ComObj   ACBP=A9
 0002:00003C24 00000004 C=BSS      S=.bss     G=DGROUP   M=MysqlComponent ACBP=A9
 0002:00003C28 00000004 C=BSS      S=.bss     G=DGROUP   M=Spin     ACBP=A9
 0002:00003C2C 00000004 C=BSS      S=.bss     G=DGROUP   M=FileCtrl ACBP=A9
 0002:00003C30 00000004 C=BSS      S=.bss     G=DGROUP   M=InfoMP3  ACBP=A9
 0002:00003C34 00000004 C=BSS      S=.bss     G=DGROUP   M=MaskUtils ACBP=A9
 0002:00003C38 00000004 C=BSS      S=.bss     G=DGROUP   M=Mask     ACBP=A9
 0002:00003C3C 00000004 C=BSS      S=.bss     G=DGROUP   M=Grids    ACBP=A9
 0002:00003C40 00000004 C=BSS      S=.bss     G=DGROUP   M=BASS     ACBP=A9
 0002:00003C44 00000004 C=BSS      S=.bss     G=DGROUP   M=XPMan    ACBP=A9
 0002:00003C48 00000004 C=BSS      S=.bss     G=DGROUP   M=SimpleTimer ACBP=A9
 0002:00003C4C 00000008 C=BSS      S=.bss     G=DGROUP   M=CoolTrayIcon ACBP=A9
 0002:00003C54 00000004 C=BSS      S=.bss     G=DGROUP   M=JvVCL5Utils ACBP=A9
 0002:00003C58 00000004 C=BSS      S=.bss     G=DGROUP   M=JvWin32  ACBP=A9
 0002:00003C5C 00000004 C=BSS      S=.bss     G=DGROUP   M=JvConsts ACBP=A9
 0002:00003C60 00000004 C=BSS      S=.bss     G=DGROUP   M=JvResources ACBP=A9
 0002:00003C64 00000004 C=BSS      S=.bss     G=DGROUP   M=JvTypes  ACBP=A9
 0002:00003C68 00000004 C=BSS      S=.bss     G=DGROUP   M=MMSystem ACBP=A9
 0002:00003C6C 00000004 C=BSS      S=.bss     G=DGROUP   M=JvJCLUtils ACBP=A9
 0002:00003C70 00000004 C=BSS      S=.bss     G=DGROUP   M=JVCLVer  ACBP=A9
 0002:00003C74 00000004 C=BSS      S=.bss     G=DGROUP   M=JvComponentBase ACBP=A9
 0002:00003C78 00000008 C=BSS      S=.bss     G=DGROUP   M=JvThemes ACBP=A9
 0002:00003C80 00000004 C=BSS      S=.bss     G=DGROUP   M=JvExControls ACBP=A9
 0002:00003C84 00000004 C=BSS      S=.bss     G=DGROUP   M=JvExExtCtrls ACBP=A9
 0002:00003C88 00000004 C=BSS      S=.bss     G=DGROUP   M=JvExForms ACBP=A9
 0002:00003C8C 00000004 C=BSS      S=.bss     G=DGROUP   M=JvExStdCtrls ACBP=A9
 0002:00003C90 00000004 C=BSS      S=.bss     G=DGROUP   M=JvExComCtrls ACBP=A9
 0002:00003C94 00000004 C=BSS      S=.bss     G=DGROUP   M=JvComponent ACBP=A9
 0002:00003C98 00000004 C=BSS      S=.bss     G=DGROUP   M=JvExButtons ACBP=A9
 0002:00003C9C 00000004 C=BSS      S=.bss     G=DGROUP   M=JvLookOut ACBP=A9
 0002:00003CA0 00000004 C=BSS      S=.bss     G=DGROUP   M=StdVCL   ACBP=A9
 0002:00003CA4 0000001C C=BSS      S=.bss     G=DGROUP   M=AxCtrls  ACBP=A9
 0002:00003CC0 00000004 C=BSS      S=.bss     G=DGROUP   M=OleConst ACBP=A9
 0002:00003CC4 00000014 C=BSS      S=.bss     G=DGROUP   M=OleCtrls ACBP=A9
 0002:00003CD8 00000004 C=BSS      S=.bss     G=DGROUP   M=OleServer ACBP=A9
 0002:00003CDC 00000004 C=BSS      S=.bss     G=DGROUP   M=SHDocVw  ACBP=A9
 0002:00003CE0 00000008 C=BSS      S=.bss     G=DGROUP   M=U_ConfMySQL ACBP=A9
 0002:00003CE8 00000008 C=BSS      S=.bss     G=DGROUP   M=U_About  ACBP=A9
 0002:00003CF0 00000004 C=BSS      S=.bss     G=DGROUP   M=DateUtils ACBP=A9
 0002:00003CF4 00000004 C=BSS      S=.bss     G=DGROUP   M=JclResources ACBP=A9
 0002:00003CF8 00000004 C=BSS      S=.bss     G=DGROUP   M=JclBase  ACBP=A9
 0002:00003CFC 00000004 C=BSS      S=.bss     G=DGROUP   M=AccCtrl  ACBP=A9
 0002:00003D00 00000004 C=BSS      S=.bss     G=DGROUP   M=JclWin32 ACBP=A9
 0002:00003D04 00000004 C=BSS      S=.bss     G=DGROUP   M=JclConsole ACBP=A9
 0002:00003D08 00000004 C=BSS      S=.bss     G=DGROUP   M=JclWideStrings ACBP=A9
 0002:00003D0C 00000004 C=BSS      S=.bss     G=DGROUP   M=JclLogic ACBP=A9
 0002:00003D10 00000504 C=BSS      S=.bss     G=DGROUP   M=JclStrings ACBP=A9
 0002:00004214 00000004 C=BSS      S=.bss     G=DGROUP   M=Jcl8087  ACBP=A9
 0002:00004218 00000004 C=BSS      S=.bss     G=DGROUP   M=JclMath  ACBP=A9
 0002:0000421C 00000004 C=BSS      S=.bss     G=DGROUP   M=JclSysUtils ACBP=A9
 0002:00004220 00000004 C=BSS      S=.bss     G=DGROUP   M=Snmp     ACBP=A9
 0002:00004224 00000004 C=BSS      S=.bss     G=DGROUP   M=TlHelp32 ACBP=A9
 0002:00004228 00000004 C=BSS      S=.bss     G=DGROUP   M=PsAPI    ACBP=A9
 0002:0000422C 00000004 C=BSS      S=.bss     G=DGROUP   M=JclRegistry ACBP=A9
 0002:00004230 00000004 C=BSS      S=.bss     G=DGROUP   M=JclIniFiles ACBP=A9
 0002:00004234 00000010 C=BSS      S=.bss     G=DGROUP   M=JclSysInfo ACBP=A9
 0002:00004244 00000004 C=BSS      S=.bss     G=DGROUP   M=JclShell ACBP=A9
 0002:00004248 00000004 C=BSS      S=.bss     G=DGROUP   M=JclSecurity ACBP=A9
 0002:0000424C 00000004 C=BSS      S=.bss     G=DGROUP   M=JclDateTime ACBP=A9
 0002:00004250 00000004 C=BSS      S=.bss     G=DGROUP   M=JclFileUtils ACBP=A9
 0002:00004254 00000008 C=BSS      S=.bss     G=DGROUP   M=JclRTTI  ACBP=A9
 0002:0000425C 00000004 C=BSS      S=.bss     G=DGROUP   M=JclMime  ACBP=A9
 0002:00004260 00000004 C=BSS      S=.bss     G=DGROUP   M=JvPropertyStore ACBP=A9
 0002:00004264 00000008 C=BSS      S=.bss     G=DGROUP   M=JvAppStorage ACBP=A9
 0002:0000426C 00000004 C=BSS      S=.bss     G=DGROUP   M=JvProgressUtils ACBP=A9
 0002:00004270 00000004 C=BSS      S=.bss     G=DGROUP   M=JvJVCLUtils ACBP=A9
 0002:00004274 00000004 C=BSS      S=.bss     G=DGROUP   M=JvBitBtn ACBP=A9
 0002:00004278 00000004 C=BSS      S=.bss     G=DGROUP   M=JvButton ACBP=A9
 0002:0000427C 00000004 C=BSS      S=.bss     G=DGROUP   M=JvTransparentButton ACBP=A9
 0002:00004280 00000004 C=BSS      S=.bss     G=DGROUP   M=AppEvnts ACBP=A9
 0002:00004284 00000008 C=BSS      S=.bss     G=DGROUP   M=FindCat  ACBP=A9
 0002:0000428C 00000008 C=BSS      S=.bss     G=DGROUP   M=U_Gestion ACBP=A9
 0002:00004294 00000008 C=BSS      S=.bss     G=DGROUP   M=U_AddZikToPage ACBP=A9
 0002:0000429C 00000008 C=BSS      S=.bss     G=DGROUP   M=U_Bibliotheque ACBP=A9
 0002:000042A4 00000008 C=BSS      S=.bss     G=DGROUP   M=U_Jingles ACBP=A9
 0002:000042AC 00000008 C=BSS      S=.bss     G=DGROUP   M=U_Waitlist ACBP=A9
 0002:000042B4 00000008 C=BSS      S=.bss     G=DGROUP   M=U_GrillePub ACBP=A9
 0002:000042BC 00000004 C=BSS      S=.bss     G=DGROUP   M=MPlayer  ACBP=A9
 0002:000042C0 00000008 C=BSS      S=.bss     G=DGROUP   M=U_Canvas ACBP=A9
 0002:000042C8 00000008 C=BSS      S=.bss     G=DGROUP   M=U_Timer  ACBP=A9
 0002:000042D0 00000008 C=BSS      S=.bss     G=DGROUP   M=U_Users  ACBP=A9
 0002:000042D8 00000008 C=BSS      S=.bss     G=DGROUP   M=U_SelectPub ACBP=A9
 0002:000042E0 00000008 C=BSS      S=.bss     G=DGROUP   M=U_Campaign ACBP=A9
 0002:000042E8 00000004 C=BSS      S=.bss     G=DGROUP   M=JvCtrls  ACBP=A9
 0002:000042EC 00000008 C=BSS      S=.bss     G=DGROUP   M=U_Planning ACBP=A9
 0002:000042F4 00000008 C=BSS      S=.bss     G=DGROUP   M=U_Stations ACBP=A9
 0002:000042FC 00000008 C=BSS      S=.bss     G=DGROUP   M=U_PubLocale ACBP=A9
 0002:00004304 00000008 C=BSS      S=.bss     G=DGROUP   M=U_ModifyDuree ACBP=A9
 0002:0000430C 00000008 C=BSS      S=.bss     G=DGROUP   M=U_log    ACBP=A9
 0002:00004314 00000008 C=BSS      S=.bss     G=DGROUP   M=U_Config ACBP=A9
 0002:0000431C 00000008 C=BSS      S=.bss     G=DGROUP   M=U_Administration ACBP=A9
 0002:00004324 00000008 C=BSS      S=.bss     G=DGROUP   M=U_Formats ACBP=A9
 0002:0000432C 0000000C C=BSS      S=.bss     G=DGROUP   M=U_Welcome ACBP=A9
 0002:00004338 00000008 C=BSS      S=.bss     G=DGROUP   M=U_Admin  ACBP=A9
 0002:00004340 000000E8 C=BSS      S=.bss     G=DGROUP   M=mysql    ACBP=A9
 0002:00004428 00000004 C=BSS      S=.bss     G=DGROUP   M=mysqlcomp ACBP=A9
 0002:0000442C 00000004 C=BSS      S=.bss     G=DGROUP   M=ExecAndWait ACBP=A9


  Address         Publics by Name

 0002:00003C94       .01
 0002:00004264       .01
 0002:00003D04       .01
 0002:00003CA4       .02
 0002:00003C54       .1
 0002:00003680       .1
 0002:00003C58       .1
 0002:0000367C       .1
 0002:00003AC0       .1
 0002:00003AB0       .1
 0002:0000442C       .1
 0002:00003C5C       .1
 0002:00003674       .1
 0002:00003C0C       .1
 0002:00003C60       .1
 0002:00003A70       .1
 0002:00003C6C       .1
 0002:00003A6C       .1
 0002:00003C70       .1
 0002:00003A68       .1
 0002:00003A64       .1
 0002:00003A60       .1
 0002:00003B00       .1
 0002:00003A5C       .1
 0002:00003A58       .1
 0002:0000366C       .1
 0002:00003CA0       .1
 0002:00003A50       .1
 0002:00003C08       .1
 0002:00003CC0       .1
 0002:00003A40       .1
 0002:0000396C       .1
 0002:00003CF0       .1
 0002:00003CF4       .1
 0002:00003CFC       .1
 0002:00003938       .1
 0002:00003D0C       .1
 0002:00003924       .1
 0002:00003D10       .1
 0002:000038F8       .1
 0002:00003B3C       .1
 0002:0000388C       .1
 0002:00004214       .1
 0002:00004220       .1
 0002:00004224       .1
 0002:00004228       .1
 0002:00004230       .1
 0002:00003840       .1
 0002:00004244       .1
 0002:00004248       .1
 0002:00004424       .1
 0002:00003C40       .1
 0002:0000426C       .1
 0002:0000425C       .1
 0002:00003A74       .11
 0002:00003C3C       .11
 0002:00003C84       .12
 0002:00003AAC       .12
 0002:00003894       .12
 0002:00004334       .2
 0002:00004310       .2
 0002:00004428       .2
 0002:00003C78       .2
 0002:00003C74       .2
 0002:00004318       .2
 0002:000042DC       .2
 0002:00004308       .2
 0002:00004274       .2
 0002:00004320       .2
 0002:0000422C       .2
 0002:00003CEC       .2
 0002:000042A0       .2
 0002:00004328       .2
 0002:00004234       .2
 0002:000042A8       .2
 0002:0000393C       .2
 0002:0000424C       .2
 0002:00003D00       .2
 0002:00003C24       .2
 0002:00004288       .2
 0002:00003C48       .2
 0002:00003C4C       .2
 0002:00003CE4       .2
 0002:00003AB8       .2
 0002:000038F0       .2
 0002:0000433C       .2
 0002:00003B24       .2
 0002:00003C44       .2
 0002:00003C34       .2
 0002:000038F4       .21
 0002:000042E4       .3
 0002:00003848       .3
 0002:000042D4       .3
 0002:00003C98       .3
 0002:00003678       .3
 0002:000042CC       .3
 0002:00003CD8       .3
 0002:00003BCC       .3
 0002:000042C4       .3
 0002:00004300       .3
 0002:00003AF4       .3
 0002:000042B0       .3
 0002:000042F8       .3
 0002:00004280       .3
 0002:000042F0       .3
 0002:000042BC       .3
 0002:00004290       .3
 0002:00004298       .3
 0002:000042B8       .3
 0002:00003D08       .3
 0002:00003944       .3
 0002:00003948       .3
 0002:00003794       .35
 0002:00003B14       .36
 0002:0000427C       .4
 0002:00003A54       .4
 0002:00004260       .4
 0002:00003CF8       .4
 0002:00003AC4       .4
 0002:00004278       .4
 0002:000042E8       .4
 0002:00004254       .4
 0002:00003C10       .41
 0002:00003CDC       .41
 0002:00003BF0       .41
 0002:00004250       .42
 0002:00003B2C       .42
 0002:00003858       .45
 0002:000035BC       .5
 0002:0000421C       .5
 0002:000037FC       .5
 0002:00003C2C       .5
 0002:00003C28       .5
 0002:00003AFC       .5
 0002:00003C38       .5
 0002:00003CD4       .5
 0002:00003980       .6
 0002:00003844       .6
 0002:00004270       .6
 0002:00004218       .7
 0002:00003C68       .7
 0002:00003C64       .7
 0002:00003B50       .72
 0002:00003B04       .72
 0002:00003B30       .73
 0002:00003B10       .8
 0002:00003BC8       .8
 0002:00003AF8       .8
 0002:00003C30       .8
 0002:00003C8C       .81
 0002:00003820       .81
 0002:00003C9C       .9
 0002:00003BE0       .9
 0002:00003C88       .9
 0002:00003C80       .9
 0002:00003C90       .92
 0001:00001CB4       @AbstractError
 0001:00002CFC       @AfterConstruction
 0001:00002B30       @AsClass
 0001:00001F28       @Assign
 0001:000021CC       @AStrCmp
 0001:00002D0C       @BeforeDestruction
 0001:00002078       @BlockRead
 0001:000028C0       @BoundErr
 0001:00002B7C       @CallDynaInst
 0001:00002CA4       @ClassCreate
 0001:00002CF4       @ClassDestroy
 0001:00002098       @Close
 0001:0000225C       @CloseFile
 0001:00001964       @Copy
 0001:000043DC       @CopyArray
 0001:000042C0       @CopyRecord
 0001:00004548       @DispCallByIDError
 0001:0000EF08       @DispInvokeError
 0001:000044E4       @Dispose
 0001:00003188       @DoneExcept
 0001:00004AA0       @DynArrayAsg
 0001:00004A64       @DynArrayClear
 0001:000048A4       @DynArrayHigh
 0001:0000489C       @DynArrayLength
 0001:00004A58       @DynArraySetLength
 0001:00003270       @ExceptionHandler
 0001:0000223C       @FillChar
 0001:0000429C       @Finalize
 0001:000041B0       @FinalizeArray
 0001:00004164       @FinalizeRecord
 0001:00002B94       @FindDynaInst
 0001:000028B4       @FpuInit
 0001:000027F0       @FpuMaskInit
 0001:00001C60       @FRAC
 0001:000017B4       @FreeMem
 0001:00001794       @GetMem
 0001:00005840       @GetTls
 0001:000036D4       @Halt
 0001:000035FC       @Halt0
 0001:00002E20       @HandleAnyException
 0001:000030D4       @HandleFinally
 0001:00002F4C       @HandleOnException
 0001:0000588C       @InitExe
 0001:00004158       @Initialize
 0001:000040C4       @InitializeArray
 0001:00004094       @InitializeRecord
 0001:000034A4       @InitImports
 0001:0000347C       @InitResStringImports
 0001:00003458       @InitResStrings
 0001:000034C8       @InitWideStrings
 0001:00005184       @IntfAddRef
 0001:00005154       @IntfCast
 0001:00005110       @IntfClear
 0001:00005128       @IntfCopy
 0001:00002B0C       @IsClass
 0001:000027C0       @isNECWindows
 0001:000019A8       @LGetDir
 0001:00003B9C       @LStrAddRef
 0001:00003710       @LStrArrayClr
 0001:00003740       @LStrAsg
 0001:000039B4       @LStrCat
 0001:000039F8       @LStrCat3
 0001:00003A6C       @LStrCatN
 0001:000036EC       @LStrClr
 0001:00003AF8       @LStrCmp
 0001:00003C0C       @LStrCopy
 0001:00003C4C       @LStrDelete
 0001:0000395C       @LStrFromArray
 0001:000038D4       @LStrFromChar
 0001:000038E4       @LStrFromPChar
 0001:000037DC       @LStrFromPCharLen
 0001:00003914       @LStrFromPWChar
 0001:00003848       @LStrFromPWCharLen
 0001:00003950       @LStrFromString
 0001:00003974       @LStrFromWStr
 0001:00003C94       @LStrInsert
 0001:00003784       @LStrLAsg
 0001:000039AC       @LStrLen
 0001:00003D9C       @LStrOfChar
 0001:00003CF0       @LStrPos
 0001:00003D38       @LStrSetLength
 0001:00003BAC       @LStrToPChar
 0001:00003988       @LStrToString
 0001:000044D0       @New
 0001:000037B0       @NewAnsiString
 0001:00003DD0       @NewWideString
 0001:0001364C       @OleVarFromLStr
 0001:00013708       @OleVarFromVar
 0001:000024D4       @Pow10
 0001:00002148       @PStrCmp
 0001:00002120       @PStrCpy
 0001:000020F0       @PStrNCat
 0001:0000212C       @PStrNCpy
 0001:00003134       @RaiseAgain
 0001:0000310C       @RaiseExcept
 0001:000017D4       @ReallocMem
 0001:00002364       @ResetFile
 0001:00001C84       @ROUND
 0001:000036E0       @RunError
 0001:00002380       @Seek
 0001:000024B8       @SetEq
 0001:00001A20       @SGetDir
 0001:00003418       @StartExe
 0001:0000036C       @strlen
 0001:00001C90       @TRUNC
 0001:000031B8       @TryFinallyExit
 0001:00003C04       @UniqueStringA
 0001:0000466C       @ValInt64
 0001:000023B4       @ValLong
 0001:00013858       @VarAddRef
 0001:0000F7E8       @VarCast
 0001:0000F1F4       @VarClear
 0001:0000F208       @VarClr
 0001:00004198       @VarClr
 0001:000042A8       @VarCopy
 0001:0000F51C       @VarCopy
 0001:0001352C       @VarFromBool
 0001:000133B8       @VarFromByte
 0001:0001357C       @VarFromCurr
 0001:000134D4       @VarFromCurrency
 0001:00013500       @VarFromDate
 0001:00013620       @VarFromDisp
 0001:000134A8       @VarFromDouble
 0001:0001335C       @VarFromInt
 0001:00013458       @VarFromInt64
 0001:00013398       @VarFromInteger
 0001:000135F4       @VarFromIntf
 0001:000133F8       @VarFromLongWord
 0001:00013590       @VarFromLStr
 0001:00013554       @VarFromReal
 0001:00013418       @VarFromShortInt
 0001:00013484       @VarFromSingle
 0001:00013438       @VarFromSmallInt
 0001:00013568       @VarFromTDateTime
 0001:000133D8       @VarFromWord
 0001:000135BC       @VarFromWStr
 0001:0000EF5C       @VarNull
 0001:00010C6C       @VarToBoolean
 0001:000100AC       @VarToByte
 0001:00011E30       @VarToCurrency
 0001:000118C8       @VarToDate
 0001:000132B0       @VarToDisp
 0001:00011174       @VarToDouble
 0001:00010670       @VarToInt64
 0001:0000FBAC       @VarToInteger
 0001:000131E4       @VarToIntf
 0001:00010324       @VarToLongWord
 0001:000124E4       @VarToLStr
 0001:0000FFFC       @VarToShortInt
 0001:000114F0       @VarToSingle
 0001:00010154       @VarToSmallInt
 0001:0001024C       @VarToWord
 0001:00012C0C       @VarToWStr
 0001:00003E10       @WStrArrayClr
 0001:00003E34       @WStrAsg
 0001:00003DF8       @WStrClr
 0001:00003F80       @WStrCmp
 0001:00004004       @WStrCopy
 0001:00003F54       @WStrFromLStr
 0001:00003E58       @WStrFromPCharLen
 0001:00003F18       @WStrFromPWChar
 0001:00003EE4       @WStrFromPWCharLen
 0001:00003F08       @WStrFromWChar
 0001:00003F74       @WStrLen
 0001:00004050       @WStrSetLength
 0001:00003F64       @WStrToPWChar
 0001:00002494       @_CLenToPasStr
 0001:00002488       @_CToPasStr
 0001:000018FC       @_IOTest
 0001:00004574       @_lldiv
 0001:000045F0       @_llmod
 0001:00004550       @_llmul
 0001:0000B940       Abort
 0001:0002B040       AbortProc
 0002:00003CE8       About
 0001:00050958       AbsMin
 0001:0000BD18       AbstractErrorHandler
 0002:0000302C       AbstractErrorProc
 0001:0009DDD0       AccCtrl
 0002:00000164       AccessMode
 0001:00001864       AcquireExceptionObject
 0001:00017308       ActivateClassGroup
 0001:00005FF4       ActivateKeyboardLayout
 0002:00003B84       ActiveDrag
 0001:00014DF0       ActiveX
 0001:0005FE44       ActnList
 0001:000004A0       AddBlockAfter
 0002:000003E8       AddDataModule
 0001:0007B1A4       AddDrive
 0001:00007874       AddExitProc
 0001:0001ACB8       AddFinished
 0001:00063830       AddIn
 0001:00004FB4       AddModuleUnloadProc
 0001:00004FA4       AddModuleUnloadProc
 0001:0001ACF0       AddNotFinished
 0001:00067640       AddOle2
 0001:000A2338       addslashes
 0001:000C0FA4       addslashes
 0001:0001B714       AddSubComponentsToLoaded
 0001:0008BB70       AddTimer
 0001:000C151C       AddToStringGrid
 0001:000A9C54       AddToStringGrid
 0001:000B0AB8       AddToStringGrid
 0001:000B9ACC       AddToStringGrid
 0001:0008CA0C       AddTrayIcon
 0001:00023374       AdjustColor
 0001:00031B78       AdjustColors
 0001:00007B4C       AdjustLineBreaks
 0001:0006AA6C       Adjustment
 0001:00005FFC       AdjustWindowRectEx
 0001:000C48C0       Admin
 0002:0000431C       Administration
 0002:00004338       Ajout
 0002:00001F40       Alignments
 0002:000008FC       Alignments
 0002:00000C5C       Alignments
 0002:00000C9C       Alignments
 0002:00000D34       Alignments
 0002:00000D44       Alignments
 0002:00000FD4       Alignments
 0002:00000FE4       Alignments
 0002:00000B68       AlignStyles
 0001:00056110       AlignWork
 0001:000719F4       AlignWork
 0001:0001EE9C       AllocateHWnd
 0001:0002E224       AllocFilterStr
 0002:00001E6C       AllocGranularity
 0001:00007828       AllocMem
 0002:000035B4       AllocMemCount
 0002:000035B8       AllocMemSize
 0001:00028D14       AllocPatternBitmap
 0001:000057E8       AllocTlsBuffer
 0002:00000DB4       AnchorAlign
 0002:00000DA8       AnimateWindowProc
 0002:00000EB0       AnimationStyle
 0002:00003D14       AnsiCaseMap
 0002:00001A10       AnsiCaseMapReady
 0002:00004014       AnsiCharTypes
 0001:0000C6D0       AnsiCompareFileName
 0001:00007A54       AnsiCompareStr
 0001:00007A8C       AnsiCompareText
 0001:00008394       AnsiLastChar
 0001:00006004       AnsiLower
 0001:00007A20       AnsiLowerCase
 0001:0000C738       AnsiLowerCaseFileName
 0001:0000C698       AnsiPos
 0001:000680EC       AnsiSameCaption
 0001:00007AC4       AnsiSameText
 0001:00007ADC       AnsiStrLIComp
 0001:0000C850       AnsiStrPos
 0001:0000C8F0       AnsiStrRScan
 0001:0000C918       AnsiStrScan
 0001:00005584       AnsiToUtf8
 0001:000079EC       AnsiUpperCase
 0001:0000C7C4       AnsiUpperCaseFileName
 0001:0001316C       AnyToIntf
 0001:00009B80       AppendChars
 0001:00009F44       AppendFormat
 0001:00009BE4       AppendNumber
 0001:00009BC4       AppendString
 0001:000A13CC       AppEvnts
 0002:00003BE8       Application
 0002:000003F8       ApplicationHandleException
 0002:00000400       ApplicationShowException
 0002:00001110       AppVisible
 0002:00001534       ArrowKey
 0001:0000BCFC       AssertErrorHandler
 0002:00003024       AssertErrorProc
 0001:00014588       AssignLongStr
 0001:0001492C       AssignVariant
 0001:000C3AE0       assign_proc
 0002:00001150       Attributes
 0002:0000360C       avail
 0001:0009927C       AxCtrls
 0001:00008598       BackfillGetDiskFreeSpaceEx
 0001:000534EC       BackgroundClipped
 0001:0000DE78       BackupVarBoolFromStr
 0001:0000DFD8       BackupVarBStrFromBool
 0001:0000DEF8       BackupVarBStrFromCy
 0001:0000DF68       BackupVarBStrFromDate
 0001:0000DE0C       BackupVarCyFromStr
 0001:0000DDA0       BackupVarDateFromStr
 0001:0000DC5C       BackupVarI4FromStr
 0001:0000DC08       BackupVariantChangeTypeEx
 0001:0000DCC8       BackupVarR4FromStr
 0001:0000DD34       BackupVarR8FromStr
 0001:0008B8F4       BASS
 0001:0008B88C       BASS_ChannelBytes2Seconds
 0001:0008B8AC       BASS_ChannelGetLength
 0001:0008B8BC       BASS_ChannelGetPosition
 0001:0008B89C       BASS_ChannelPlay
 0001:0008B894       BASS_ChannelSeconds2Bytes
 0001:0008B8B4       BASS_ChannelSetPosition
 0001:0008B8A4       BASS_ChannelStop
 0001:0008B874       BASS_Free
 0001:0008B86C       BASS_Init
 0001:0008B87C       BASS_StreamCreateFile
 0001:0008B884       BASS_StreamFree
 0001:0000C2F0       Beep
 0001:00017660       BeginGlobalLoading
 0001:0000600C       BeginPaint
 0001:00023380       BetterSize
 0002:0000429C       Bibliotheque
 0001:000646A4       BiDiDraw
 0001:0001DAA8       BinToHex
 0001:00005D44       BitBlt
 0002:00000AAC       BitBtnCaptions
 0002:00003AC8       BitBtnGlyphs
 0002:00000AD8       BitBtnModalResults
 0002:00000A80       BitBtnResNames
 0002:00000784       BitmapCanvasList
 0002:000038AC       BitmapImageLock
 0001:0000DC44       BiUnimplemented
 0001:0008B000       BlankStr
 0002:000004A0       BlockCode
 0002:000035E4       blockDescBlockList
 0002:000035E8       blockDescFreeList
 0001:00001FEC       BlockIO
 0002:000003CC       BooleanIdents
 0002:00000348       BooleanToStringRule
 0002:00001A14       Bools
 0001:0000809C       BoolToStr
 0001:0001226C       BoolToWStrViaOS
 0002:000008F4       BorderStyles
 0002:00000C54       BorderStyles
 0001:00005944       Bounds
 0001:00016620       Bounds
 0002:00000F7C       Breaks
 0002:000038E4       BrushManager
 0001:00083D80       Build
 0001:00066E58       BuildImage
 0002:0000089C       ButtonCaptions
 0002:00000B08       ButtonCount
 0002:00001A04       ButtonMap
 0002:00000870       ButtonNames
 0002:00001EC4       ButtonNames
 0001:000362B4       Buttons
 0002:00000FF8       Buttons
 0002:00000D2C       ButtonStyles
 0002:00003A80       ButtonWidths
 0001:00022B60       BytesPerScanline
 0001:00022EB8       ByteSwapColors
 0001:0000C3D4       ByteToCharIndex
 0001:0000C3AC       ByteToCharLen
 0001:0000C370       ByteType
 0001:0000C2F8       ByteTypeTest
 0002:00003BD0       CachedComCtrlVer
 0001:00086E74       CalcAxis
 0001:0008614C       CalcAxis
 0001:00086390       CalcAxisState
 0001:000861D8       CalcFixedAxis
 0001:0001EDD8       CalcJmpOffset
 0001:000862EC       CalcMaxCell
 0001:000882A8       CalcPageExtents
 0001:00087BA4       CalcScroll
 0001:0008720C       CalcScrollBar
 0001:00087F08       CalcSizeInfo
 0001:0005DE6C       CalcSplitterPos
 0001:0009AB94       CallEventMethod
 0001:00006014       CallNextHookEx
 0001:0000D118       CallTerminateProcs
 0001:0000601C       CallWindowProc
 0002:000042E0       Campaign
 0001:00051990       CancelDrag
 0002:000042C0       CanvasControl
 0002:00003B98       CanvasList
 0002:000038E8       CanvasList
 0002:00001F4C       Captions
 0002:00000848       Captions
 0002:00000E6C       CaptureControl
 0001:00084354       CaretPos
 0002:00000F1C       cBooleanToItemAutoFlag
 0001:0002DB34       CenterWindow
 0002:00003AB6       CF_COMPONENT
 0002:00003AB4       CF_PICTURE
 0002:00003818       ChangeAnyProc
 0001:0004FEBC       ChangeBiDiModeAlignment
 0002:00000CE0       CharCases
 0002:00000C7C       CharCases
 0001:0000380C       CharFromWChar
 0001:0009DFA4       CharIsLower
 0001:0009DFB8       CharIsUpper
 0001:0000C5A8       CharLength
 0001:00006024       CharLowerBuff
 0001:0000602C       CharNext
 0001:000002DC       CharNext
 0001:00020F84       CharsetToIdent
 0001:0000C4BC       CharToByteIndex
 0001:0000C520       CharToByteLen
 0001:00006034       CharToOemA
 0001:0000603C       CharUpperBuff
 0001:0000194C       ChDir
 0001:00001938       ChDir
 0001:00023948       CheckBool
 0001:0003A814       CheckCommonControl
 0001:00002D9C       CheckJmp
 0001:00006044       CheckMenuItem
 0002:00000F6C       Checks
 0001:0001B750       CheckSubComponents
 0001:0001DBB0       CheckSynchronize
 0001:0006A4A0       CheckTaskWindow
 0001:00051644       CheckUndock
 0001:0000C1E4       CheckWin32Version
 0002:0000034C       CInvalidCustomVariantType
 0002:00000F20       cItemAutoFlagToBoolean
 0002:00000F18       cItemAutoFlagToMenu
 0001:0001F028       Classes
 0001:00074DD0       ClassIDToProgID
 0001:000170CC       ClassNotFound
 0002:00003814       ClearAnyProc
 0001:00020814       ClearColor
 0001:000758E4       ClearExcepInfo
 0001:0009EB58       ClearInfoList
 0001:0008ADA8       ClearItem
 0001:000BC580       ClearStringGrid
 0001:00013B94       ClearVariantTypeList
 0001:0000604C       ClientToScreen
 0001:0005B410       ClientToWindow
 0001:0003293C       Clipboard
 0002:0000077C       ClipboardFormats
 0001:00032A28       Clipbrd
 0001:00006054       CloseClipboard
 0001:00005D4C       CloseEnhMetaFile
 0001:0000027C       CloseHandle
 0001:00005A94       CloseHandle
 0001:0002AEDC       ClosePrinter
 0002:00003988       CloseThemeData
 0002:00003040       CmdLine
 0002:0000303C       CmdShow
 0002:00000F14       cMenuAutoFlagToItem
 0001:0000DC50       CmpUnimplemented
 0002:00001120       CoAddRefServerProcess
 0001:00014D5C       CoCreateInstance
 0002:00001118       CoCreateInstanceEx
 0001:00014D54       CoGetClassObject
 0002:00001130       CoInitFlags
 0001:00014D44       CoInitialize
 0002:0000111C       CoInitializeEx
 0002:00000BAC       ColorIndex
 0002:000004FC       Colors
 0001:00020D7C       ColorToIdent
 0002:00000908       ColorToPretyName
 0001:00020D6C       ColorToRGB
 0002:00001558       ColorValues
 0001:00005D54       CombineRgn
 0002:00000CCC       ComboBoxStyles
 0002:00003C18       ComClassManagerVar
 0001:00074A44       ComConst
 0002:000038FC       ComCtl32DLL
 0002:00003B20       ComCtlVersion
 0001:0003F394       ComCtrls
 0002:00003BE4       CommandPool
 0001:0002971C       CommCtrl
 0001:0002D078       CommDlg
 0001:00000780       Commit
 0002:00003628       committedRoot
 0001:00075BAC       ComObj
 0001:00096510       Compare
 0001:000840EC       CompareExtents
 0001:00062E14       CompareFront
 0001:00007954       CompareMem
 0001:00007924       CompareStr
 0001:00005A9C       CompareString
 0001:00007974       CompareText
 0001:00007FC4       CompareWith
 0001:0001B830       ComponentCreated
 0001:00023718       ComputeAldusChecksum
 0001:000323DC       ComStrs
 0002:00004314       Config
 0002:00003CE0       ConfMySQL
 0001:0001F414       Consts
 0001:000294C0       Contnrs
 0002:00003B56       ControlAtom
 0002:00003B5C       ControlAtomString
 0001:0006F234       ControlHasHelp
 0001:0005EB08       Controls
 0002:0000041C       Convert
 0002:0000042C       Convert
 0001:0000B6E0       ConvertAddr
 0001:00009CD4       ConvertEraString
 0001:000077EC       ConvertError
 0001:00007804       ConvertErrorFmt
 0001:00009E3C       ConvertYearString
 0001:0008D8A8       CoolTrayIcon
 0001:000048AC       CopyArray
 0001:0002616C       CopyBitmap
 0001:00026834       CopyBitmapAsMask
 0001:0002EA18       CopyData
 0001:00005D5C       CopyEnhMetaFile
 0001:0003562C       CopyImage
 0001:00036064       CopyImage
 0001:000267D0       CopyPalette
 0002:00000BF0       Copyright
 0001:00065F04       CopyToBest
 0002:00001124       CoReleaseServerProcess
 0002:00001128       CoResumeClassObjects
 0002:0000112C       CoSuspendClassObjects
 0001:00014D74       CoTaskMemFree
 0001:00014D4C       CoUninitialize
 0001:0000C42C       CountChars
 0002:000038C4       CounterLock
 0001:0008AB88       CountItem
 0002:00000350       CRangeToType
 0002:0000154C       crDragAlt
 0001:0009EF78       CreateAppStoragePropertyEngineList
 0001:0000BC40       CreateAssertException
 0001:0000BDC8       CreateAVObject
 0001:00005D64       CreateBitmap
 0001:00005D6C       CreateBrushIndirect
 0001:00074DFC       CreateComObject
 0001:00005D74       CreateCompatibleBitmap
 0001:00005D7C       CreateCompatibleDC
 0001:0001B8B0       CreateComponent
 0001:00005D84       CreateDC
 0001:00005D94       CreateDIBitmap
 0001:00005D8C       CreateDIBSection
 0001:00005D9C       CreateEnhMetaFile
 0001:00005AA4       CreateEvent
 0001:00005AAC       CreateFile
 0001:00000284       CreateFileA
 0001:00005DA4       CreateFontIndirect
 0001:000BE17C       createFormat
 0001:00005DAC       CreateHalftonePalette
 0001:00005DB4       CreateIC
 0001:0000605C       CreateIcon
 0001:0000BB6C       CreateInOutError
 0001:00006064       CreateMenu
 0001:0002F310       CreateMessageDialog
 0001:00005DBC       CreatePalette
 0001:00005DC4       CreatePenIndirect
 0001:0000606C       CreatePopupMenu
 0001:00005DCC       CreateRectRgn
 0001:00074E34       CreateRemoteComObject
 0001:00005DD4       CreateSolidBrush
 0001:00014D94       CreateStreamOnHGlobal
 0001:00022F10       CreateSystemPalette
 0001:00005AB4       CreateThread
 0001:00006684       CreateWindow
 0001:0000662C       CreateWindowEx
 0001:0008F7C4       CreateWMMessage
 0001:0008F7E0       CreateWMMessage
 0002:00000DAC       CreationControl
 0002:000007D8       CreationControl
 0002:000003B8       CRelationshipToBoolean
 0002:00000334       CResult
 0002:00001550       crMultiDragAlt
 0002:00001548       crMultiDragLink
 0002:00001554       crMultiDragLinkAlt
 0002:00000D98       CSHREDRAW
 0002:0000015C       cSimpleBoolStrs
 0002:00000364       CText
 0002:00000EA8       Ctl3DStyles
 0002:00000D24       Ctl3DStyles
 0001:00084320       Ctrl
 0002:00003620       curAlloc
 0002:0000368C       CurrencyDecimals
 0002:00003688       CurrencyFormat
 0002:00003684       CurrencyString
 0001:00009B6C       CurrentYear
 0001:00009470       CurrToStr
 0001:000121FC       CurrToWStrViaOS
 0002:00001094       CursorMap
 0002:00000DBC       Cursors
 0001:000501DC       CursorToIdent
 0002:00001084       cUseAlpha
 0002:0000108C       cUseColorKey
 0001:0007A948       CutFirstDirectory
 0001:00007D18       CvtInt
 0001:00007D84       CvtInt64
 0002:0000019C       CWNear
 0002:00001FB0       CXlsBof
 0002:00001F04       CXlsBof
 0002:00001F10       CXlsEof
 0002:00001FBC       CXlsEof
 0002:00001EF8       CXlsLabel
 0002:00001FA4       CXlsLabel
 0002:00000DA0       Data
 0001:00037460       DataTypeToRegData
 0001:00009A34       Date
 0001:0009DAF4       DateOf
 0002:0000368D       DateSeparator
 0001:0000A784       DateTimeToStr
 0001:0000A6F8       DateTimeToString
 0001:0000995C       DateTimeToSystemTime
 0001:0000956C       DateTimeToTimeStamp
 0001:000296DC       DateTime_GetMonthCal
 0001:000296C0       DateTime_SetMonthCalColor
 0001:000296A4       DateTime_SetRange
 0001:00029688       DateTime_SetSystemTime
 0001:0000A754       DateToStr
 0001:00012234       DateToWStrViaOS
 0001:0009DB90       DateUtils
 0002:00001990       Day
 0001:00009A0C       DayOfWeek
 0002:00000198       DCon10
 0002:000004F8       DDBsOnly
 0001:0001EF50       DeallocateHWnd
 0002:00000028       DebugHook
 0002:0000368B       DecimalSeparator
 0001:0000993C       DecodeDate
 0001:000097F0       DecodeDateFully
 0001:00009660       DecodeTime
 0001:00000814       Decommit
 0001:00000E30       DecommitFree
 0002:000035FC       decommittedRoot
 0001:0006CEBC       Default
 0001:0007261C       Default
 0002:00000020       Default8087CW
 0002:00001528       DefaultBlank
 0002:00000DB0       DefaultDockTreeClass
 0002:00001F48       DefaultImgBtnImagesList
 0002:00000034       DefaultTextLineBreakStyle
 0002:000035C0       DefaultUserCodePage
 0002:0000074C       DefBrushData
 0002:00001EBC       DefCompanyName
 0002:000004CC       DefFontData
 0001:00006074       DefFrameProc
 0002:00000228       DefLongDayNames
 0002:000001DC       DefLongMonthNames
 0001:0000607C       DefMDIChildProc
 0002:0000072C       DefPenData
 0002:0000020C       DefShortDayNames
 0002:000001AC       DefShortMonthNames
 0001:00006084       DefWindowProc
 0001:00004AF8       DelayLoadResourceModule
 0001:000AB6DC       Delete
 0001:000BAE08       Delete
 0001:000B16D8       Delete
 0001:000004D0       DeleteBlock
 0001:00000440       DeleteCriticalSection
 0001:00005ABC       DeleteCriticalSection
 0001:00005DDC       DeleteDC
 0001:00005DE4       DeleteEnhMetaFile
 0001:00000C78       DeleteFree
 0001:000B78EC       DeleteFromDB
 0001:000AF198       DeleteFromDB
 0001:000B8F10       DeleteFromDB
 0001:000B4538       DeleteFromDB
 0001:000ADEBC       DeleteFromDB
 0001:000B2A34       DeleteFromDB
 0001:0000608C       DeleteMenu
 0001:00005DEC       DeleteObject
 0001:00049518       DeleteSelectedText
 0001:0009EB34       DeleteType
 0001:00025D28       DeselectBitmap
 0001:0009EF8C       DestroyAppStoragePropertyEngineList
 0001:00006094       DestroyCursor
 0001:0000609C       DestroyIcon
 0001:00036174       DestroyLocals
 0001:000060A4       DestroyMenu
 0001:000060AC       DestroyWindow
 0001:0008A744       Detector
 0001:0004D430       DialogEnumerationTester
 0001:0002DBE8       DialogHook
 0001:0002FECC       Dialogs
 0002:00000788       DIBPalSizes
 0002:000000B0       dig
 0001:0007D9B0       DirectoryExists
 0001:0000827C       DirectoryExists
 0001:0007B920       DirLevel
 0001:0006A2F4       DisableTaskWindows
 0001:000752F8       DispatchInvoke
 0001:000758D8       DispatchInvokeError
 0001:0008F9D8       DispatchIsDesignMsg
 0001:000060B4       DispatchMessage
 0001:00070514       DispatchShortCut
 0001:000758F4       DispCall
 0001:000759D8       DispCallByID
 0002:00003000       DispCallByIDProc
 0001:00075804       DispCallError
 0002:000019F0       DispIDArgs
 0001:0008A2DC       DisposeStrItem
 0002:000019E0       DispParams
 0001:000077D0       DivMod
 0001:0008F8E8       DlgCodesToDlgc
 0001:0008F890       DlgcToDlgCodes
 0001:0002D0B0       Dlgs
 0001:000718A8       DoAlign
 0001:00055FA0       DoAlign
 0001:00085FE4       DoCalc
 0001:0005A0D0       DoCalcConstraints
 0001:0008604C       DoCalcRightToLeft
 0001:000867D4       DoChange
 0002:00003B8C       DockSiteList
 0001:00066B24       DoClick
 0001:000851BC       DoColWidths
 0001:000576E4       DoControlMsg
 0001:0002AEE4       DocumentProperties
 0001:0006A2A4       DoDisableWindow
 0001:00050F70       DoDragOver
 0001:00007848       DoExitProc
 0001:0005C140       DoFindControlZone
 0001:0006A3E0       DoFindWindow
 0001:0005C6CC       DoFindZone
 0001:0005C1C4       DoForEach
 0001:0005DAD0       DoGetNextLimit
 0001:0008D060       DoMinimizeEvents
 0001:0006A26C       DoneApplication
 0001:0005E830       DoneControls
 0001:0000C0F4       DoneExceptions
 0001:0006E890       DoNestedActivation
 0001:0001DB70       DoneThreadSynchronization
 0001:00055B60       DoPosition
 0001:000716F8       DoPosition
 0001:0005D0F8       DoPrune
 0001:00031038       DoRect
 0001:00085200       DoRowHeights
 0001:0005D5D0       DoSaveZone
 0001:0005D7D4       DoSetNewBounds
 0001:00084C64       DoSizeAdjust
 0002:000003D4       DotSep
 0001:00087E74       DoUpdate
 0002:00000B0C       DownStyles
 0001:00018D84       DoWrite
 0001:0002493C       DoWrite
 0001:00061474       DoWrite
 0001:00023BA0       DoWrite
 0001:00056CCC       DoWriteDesignSize
 0001:00054624       DoWriteIsControl
 0002:00003B70       DragCapture
 0002:00003B64       DragControl
 0001:000516B8       DragDone
 0001:00050F20       DragFindTarget
 0001:00050EF4       DragFindWindow
 0002:00003B88       DragImageList
 0001:00051310       DragInit
 0001:00051480       DragInitControl
 0002:00003B6C       DragInternalObject
 0001:00050E3C       DragMessage
 0002:00003B68       DragObject
 0002:00003B94       DragSave
 0002:00003B7C       DragSaveCursor
 0002:00003B74       DragStartPos
 0002:00003B80       DragThreshold
 0001:00051040       DragTo
 0001:00072658       DrawAppIcon
 0001:0008553C       DrawAxisLines
 0002:00001EC0       DrawBitmap
 0001:000857B4       DrawCells
 0001:0005CC64       DrawCloseButton
 0001:0008F5B0       DrawDotNetControl
 0001:000060BC       DrawEdge
 0001:000060C4       DrawFocusRect
 0001:000060CC       DrawFrameControl
 0001:0005CCBC       DrawGrabberLine
 0001:000060D4       DrawIcon
 0001:000060DC       DrawIconEx
 0002:00000EE4       DrawingStyles
 0001:00085724       DrawLines
 0001:000060E4       DrawMenuBar
 0001:00067F0C       DrawMenuItem
 0001:000060EC       DrawText
 0001:0008E930       DrawText
 0001:0008E964       DrawText
 0001:0008E994       DrawText
 0002:0000398C       DrawThemeBackground
 0001:0008EE6C       DrawThemedBorder
 0001:0008EB08       DrawThemedFrameControl
 0002:000039B0       DrawThemeEdge
 0002:000039B4       DrawThemeIcon
 0002:00003A38       DrawThemeParentBackground
 0002:00003990       DrawThemeText
 0001:000229E0       DupBits
 0001:000048C4       DynArrayClear
 0001:000048CC       DynArraySetLength
 0002:00000FDC       EdgeStyle
 0002:00000D14       EdgeStyles
 0002:00000E98       EdgeStyles
 0001:0000BB40       EHeapException.FreeInstance
 0002:00000C98       Empty
 0001:000060F4       EmptyClipboard
 0002:00003800       EmptyParam
 0002:00003CC4       EmptyParam
 0002:000000E0       EmptyStr
 0002:000000E4       EmptyWideStr
 0001:000060FC       EnableMenuItem
 0002:00000F74       Enables
 0001:00006104       EnableScrollBar
 0001:0006A3A8       EnableTaskWindows
 0002:00003A20       EnableThemeDialogTexture
 0002:00003A3C       EnableTheming
 0001:0000610C       EnableWindow
 0001:000097C0       EncodeDate
 0001:00009620       EncodeTime
 0001:00005DF4       EndDoc
 0001:000176E8       EndGlobalLoading
 0001:00005DFC       EndPage
 0001:00006114       EndPaint
 0001:00005AC4       EnterCriticalSection
 0001:00000430       EnterCriticalSection
 0001:00005ACC       EnumCalendarInfoA
 0001:0000611C       EnumClipboardFormats
 0002:00003920       EnumDisplayMonitors
 0001:0000B354       EnumEraNames
 0001:0000B390       EnumEraYearOffsets
 0001:0006D480       EnumMonitorsProc
 0001:0002AEEC       EnumPrinters
 0001:00006124       EnumThreadWindows
 0001:0001B060       EnumValue
 0001:0000612C       EnumWindows
 0001:00074CD8       EOleException.Create
 0001:00074C08       EOleSysError.Create
 0001:00006134       EqualRect
 0002:00003754       EraNames
 0001:0000AA10       EraToYear
 0002:00003770       EraYearOffsets
 0002:00000088       errCaption
 0001:000018F0       Error
 0001:00016C70       Error
 0001:0001A844       Error
 0001:00062B64       Error
 0002:00000004       ErrorAddr
 0001:000018A4       ErrorAt
 0001:0000BBEC       ErrorHandler
 0002:00000244       ErrorMap
 0002:00003008       ErrorProc
 0002:000033E8       ErrOutput
 0001:00001844       ExceptAddr
 0002:0000300C       ExceptClsProc
 0001:0000C060       ExceptHandler
 0001:0000B96C       Exception.Create
 0001:0000B9A8       Exception.CreateFmt
 0001:0000BAF8       Exception.CreateHelp
 0001:0000BA28       Exception.CreateRes
 0001:0000BA64       Exception.CreateResFmt
 0002:0000301C       ExceptionClass
 0001:0000B6EC       ExceptionErrorMessage
 0002:0000027C       ExceptMap
 0001:00001824       ExceptObject
 0002:00003010       ExceptObjProc
 0002:00003004       ExceptProc
 0001:00005E04       ExcludeClipRect
 0001:000C43A0       ExecAndWait
 0002:00000000       ExitCode
 0001:00003540       ExitDll
 0002:00003048       ExitProc
 0001:000002E4       ExitProcess
 0002:00003028       ExitProcessProc
 0002:00000158       ExitProcList
 0001:0008A4AC       ExpandDir
 0001:0000855C       ExpandFileName
 0001:000ADDD8       Explode
 0001:0002DEC0       ExplorerHook
 0001:000379DC       ExtActns
 0001:00005E0C       ExtCreatePen
 0001:000322FC       ExtCtrls
 0001:0003630C       ExtDlgs
 0002:00000D78       ExtendSelects
 0001:00008448       ExtractFileDrive
 0001:00008514       ExtractFileExt
 0001:0002E538       ExtractFileName
 0001:000084DC       ExtractFileName
 0001:0002E580       ExtractFileNames
 0001:00008414       ExtractFilePath
 0001:00005E14       ExtTextOut
 0002:00003790       FalseBoolStrs
 0002:00003ABC       FClipboard
 0002:0000018C       FCon1E18
 0001:000C1068       fetchArtists
 0001:0002AFF4       FetchStr
 0001:00008204       FileAge
 0001:000081FC       FileClose
 0001:00008164       FileCreate
 0001:00008140       FileCreate
 0001:0007D9E8       FileCtrl
 0001:0000826C       FileExists
 0002:00000780       FileFormats
 0002:00000008       FileMode
 0001:00001D0C       FileNOPProc
 0001:000080E8       FileOpen
 0001:0000816C       FileRead
 0002:00000410       FilerSignature
 0001:000081C4       FileSeek
 0001:00005AD4       FileTimeToDosDateTime
 0001:00005ADC       FileTimeToLocalFileTime
 0001:00008198       FileWrite
 0001:00000D60       FillAfterGap
 0001:00000D0C       FillBeforeGap
 0001:000854E8       FillDWord
 0001:00000DF8       FillerSizeAfterGap
 0001:00000D88       FillerSizeBeforeGap
 0001:0000613C       FillRect
 0002:00000B14       FillStyles
 0001:00029EAC       Finalization
 0001:0005EAA0       Finalization
 0001:00013FE0       Finalization
 0001:0009F280       Finalization
 0001:0002CEFC       Finalization
 0001:0001424C       Finalization
 0001:00028D4C       Finalization
 0001:0008EAD0       Finalization
 0001:0009E950       Finalization
 0001:0008BDB0       Finalization
 0001:00029E6C       Finalization
 0001:0002CEC4       Finalization
 0001:0002C2A4       Finalization
 0001:000681E8       Finalization
 0001:000AECA8       Finalization
 0001:0008B9A8       Finalization
 0001:0009E90C       Finalization
 0001:0002C450       Finalization
 0001:000AECE0       Finalization
 0001:0008F084       Finalization
 0001:0009D658       Finalization
 0001:0008D8E0       Finalization
 0001:0008D918       Finalization
 0001:0009E8A4       Finalization
 0001:0009EFE8       Finalization
 0001:000825C0       Finalization
 0001:0003627C       Finalization
 0001:00090820       Finalization
 0001:000A6A3C       Finalization
 0001:000C4370       Finalization
 0001:0003F31C       Finalization
 0001:00028F2C       Finalization
 0001:0004022C       Finalization
 0001:0009FA9C       Finalization
 0001:0002CF6C       Finalization
 0001:0007FBD8       Finalization
 0001:00075B2C       Finalization
 0001:0008D950       Finalization
 0001:00032A80       Finalization
 0001:0009E21C       Finalization
 0001:00014A68       Finalization
 0001:0002CFF8       Finalization
 0001:0009D058       Finalization
 0001:000A5514       Finalization
 0001:00014DC0       Finalization
 0001:0009D00C       Finalization
 0001:0000D9E8       Finalization
 0001:000058D0       Finalization
 0001:000BC238       Finalization
 0001:000329EC       Finalization
 0001:0009DABC       Finalization
 0001:0002D048       Finalization
 0001:0002D080       Finalization
 0001:0009DB60       Finalization
 0001:000C3AA8       Finalization
 0001:000BBCF4       Finalization
 0001:0009DD30       Finalization
 0001:000B96E8       Finalization
 0001:0009E1E4       Finalization
 0001:0009E988       Finalization
 0001:000B8C50       Finalization
 0001:000B73D0       Finalization
 0001:0002CE7C       Finalization
 0001:0009C6DC       Finalization
 0001:0009DD68       Finalization
 0001:0009EFA0       Finalization
 0001:0002CE44       Finalization
 0001:0009DDA0       Finalization
 0001:000B06E0       Finalization
 0001:0002CDD4       Finalization
 0001:0009E1AC       Finalization
 0001:000323AC       Finalization
 0001:000056A0       Finalization
 0001:0009DDE0       Finalization
 0001:0009DE18       Finalization
 0001:00029490       Finalization
 0001:0008DC08       Finalization
 0001:0009DE5C       Finalization
 0001:000A1B24       Finalization
 0001:000322B4       Finalization
 0001:0007F12C       Finalization
 0001:0009DEB8       Finalization
 0001:0007D9B8       Finalization
 0001:000378D0       Finalization
 0001:000B26B0       Finalization
 0001:000B5834       Finalization
 0001:000296EC       Finalization
 0001:0000E3A4       Finalization
 0001:0009E174       Finalization
 0001:000BD4F4       Finalization
 0001:0009E13C       Finalization
 0001:000B3460       Finalization
 0001:0009E0EC       Finalization
 0001:0004D6A8       Finalization
 0001:0008E484       Finalization
 0001:00090858       Finalization
 0001:0009EAAC       Finalization
 0001:0008B8C4       Finalization
 0001:000B3FD8       Finalization
 0001:000A139C       Finalization
 0001:00076C40       Finalization
 0001:00074914       Finalization
 0001:000BDA10       Finalization
 0001:000749B4       Finalization
 0001:00074A14       Finalization
 0001:00090890       Finalization
 0001:000C43A8       Finalization
 0001:0004C8BC       Finalization
 0001:0001EF78       Finalization
 0001:0008E7DC       Finalization
 0001:0009EC48       Finalization
 0001:000379E4       Finalization
 0001:0003798C       Finalization
 0001:0004CA24       Finalization
 0001:00091438       Finalization
 0001:0009DFEC       Finalization
 0001:0002FE70       Finalization
 0001:0009E048       Finalization
 0001:0009ECA4       Finalization
 0001:0009E080       Finalization
 0001:000992C8       Finalization
 0001:00037934       Finalization
 0001:000BDDB8       Finalization
 0001:0009EE5C       Finalization
 0001:0009921C       Finalization
 0001:0001F3E4       Finalization
 0001:000372D8       Finalization
 0001:00091470       Finalization
 0001:00091750       Finalization
 0001:000A0180       Finalization
 0001:000A013C       Finalization
 0001:000BE4DC       Finalization
 0001:000067D4       Finalization
 0001:00097AD4       Finalization
 0001:00097A9C       Finalization
 0001:0007883C       Finalization
 0001:000C08B0       Finalization
 0001:000929C8       Finalization
 0001:0005FE14       Finalization
 0001:000C42EC       Finalization
 0001:0008E9C0       Finalization
 0001:000C4338       Finalization
 0001:0008EA98       Finalization
 0001:000A842C       Finalization
 0001:0002BF80       Finalization
 0001:0000680C       Finalization
 0001:000362DC       Finalization
 0001:0008D85C       Finalization
 0001:00005960       Finalization
 0001:0002AE94       Finalization
 0001:000AD9EC       Finalization
 0001:0002CF34       Finalization
 0001:0008B834       Finalization
 0001:0002AEFC       Finalization
 0001:00061BC4       Finalization
 0001:000A9308       Finalization
 0001:00006B54       Finalization
 0001:000048BC       FinalizeArray
 0001:0009E700       FinalizeSysInfo
 0001:00003358       FinalizeUnits
 0001:0008F050       FinalizeWMPrintClientFix
 0001:000668E4       Find
 0001:00004B68       FindBS
 0001:000A1B54       FindCat
 0002:00004284       FindCategory
 0001:0001718C       FindClass
 0001:00004AF0       FindClassHInstance
 0001:00005AE4       FindClose
 0001:00008378       FindClose
 0001:000002F4       FindClose
 0001:00000CDC       FindCommitted
 0001:0004FFBC       FindControl
 0001:0005C8F8       FindControlAtPos
 0001:00013EF0       FindCustomVariantType
 0001:00013E38       FindCustomVariantType
 0001:000519DC       FindDragTarget
 0001:0001BA60       FindExistingComponent
 0001:00008304       FindFirst
 0001:00005AEC       FindFirstFile
 0001:000002FC       FindFirstFile
 0001:00017578       FindGlobalComponent
 0001:0006A4EC       FindGlobalComponent
 0002:00003864       FindGlobalComponentProcs
 0001:00004AC8       FindHInstance
 0001:00017420       FindIdentToInt
 0001:000082A0       FindMatchingFile
 0002:00003A7C       FindMsg
 0001:0001ABF0       FindNestedComponent
 0001:00008354       FindNext
 0001:00005AF4       FindNextFile
 0001:00062B2C       FindPopupControl
 0001:0000E06C       FindProc
 0001:00005AFC       FindResource
 0001:00004B40       FindResourceHInstance
 0001:00074168       FindScanline
 0001:0004C470       FindString
 0001:0006A444       FindTopMostWindow
 0001:0001C944       FindUniqueName
 0001:000519A8       FindVCLWindow
 0001:00006144       FindWindow
 0001:0004D488       FindWinHelp
 0001:0008EFD0       FindWMPrintClient
 0001:0008EF5C       FixedWMPrintClient
 0001:00026120       FixupBitFields
 0002:00000FEC       Flags
 0002:000037A0       FLanguages
 0001:0002C2D4       FlatSB
 0002:0000394C       FlatSB_EnableScrollBar
 0002:00003958       FlatSB_GetScrollInfo
 0002:0000395C       FlatSB_GetScrollPos
 0002:00003954       FlatSB_GetScrollRange
 0002:00003964       FlatSB_SetScrollInfo
 0002:00003960       FlatSB_SetScrollPos
 0001:0002BFC4       FlatSB_SetScrollProp
 0002:00003968       FlatSB_SetScrollRange
 0002:00003950       FlatSB_ShowScrollBar
 0001:000B3720       FloatSQLToFloatFR
 0001:00009100       FloatToDecimal
 0001:00009440       FloatToStr
 0001:00008E2C       FloatToText
 0001:00001FD8       Flush
 0002:000001A0       FMSecsPerDay
 0001:00008D28       FmtStr
 0002:00001008       FocusCount
 0002:00001004       FocusMessages
 0002:0000069C       FontCharsets
 0002:000038DC       FontManager
 0001:00099B54       FontToOleFont
 0002:000007D4       ForceCurrentDirectory
 0001:0006A4C0       ForegroundTask
 0002:000001A8       Format
 0001:00008D14       Format
 0001:0000891C       FormatBuf
 0001:00008910       FormatClearStr
 0001:0000A798       FormatDateTime
 0001:00008894       FormatError
 0002:00000184       FormatErrorStrs
 0001:00005B04       FormatMessage
 0002:00004324       Formats
 0002:00000BE4       Formats
 0001:000088EC       FormatVarToStr
 0001:00074970       Forms
 0001:00084304       ForwardMovement
 0001:000024CC       FPower10
 0002:000007D0       FPrinter
 0001:000310FC       Frame3D
 0001:0000614C       FrameRect
 0001:0000D5C8       FreeAndNil
 0001:00000A48       FreeCommitted
 0001:00000F68       FreeCurAlloc
 0001:00051A9C       FreeDeviceContext
 0001:00051B58       FreeDeviceContexts
 0001:0001ED44       FreeIntConstList
 0001:0008B274       FreeItem
 0001:00005B0C       FreeLibrary
 0001:00000304       FreeLibrary
 0001:00099F9C       FreeList
 0001:00025C7C       FreeMemoryContexts
 0001:0001EE78       FreeObjectInstance
 0001:0006A56C       FreeObjectInstance
 0001:00005B1C       FreeResource
 0001:000006C8       FreeSpace
 0001:0000D134       FreeTerminateProcs
 0001:0002C488       FreeThemeLibrary
 0001:0009EAE4       FreeTypeData
 0002:00003B1C       FRichEditModule
 0001:000229D0       GDICheck
 0001:00022928       GDIError
 0002:0000428C       Gestion
 0001:00001C58       Get8087CW
 0001:00005B24       GetACP
 0001:00014DA4       GetActiveObject
 0001:00006154       GetActiveWindow
 0001:00071D84       GetAnimation
 0001:000C1264       getArtistID
 0001:0000615C       GetAsyncKeyState
 0001:0002EC6C       GetAveCharSize
 0001:0003373C       GetBitBtnGlyph
 0001:00005E1C       GetBitmapBits
 0001:00000448       GetBlockDesc
 0001:00005E24       GetBrushOrgEx
 0001:00006164       GetCapture
 0001:000502D8       GetCaptureControl
 0001:0000616C       GetCaretPos
 0001:00017138       GetClass
 0001:00006174       GetClassInfo
 0001:0000617C       GetClassName
 0001:00006184       GetClientRect
 0001:0000618C       GetClipboardData
 0001:000243A4       GetClipboardFormats
 0001:00005E2C       GetClipBox
 0001:000003E4       GetCmdShow
 0001:0006006C       GetColor
 0001:0003A83C       GetComCtlVersion
 0001:0000030C       GetCommandLine
 0001:00000894       GetCommitted
 0001:00000924       GetCommittedAt
 0001:00005B34       GetComputerName
 0001:00057298       GetControlAtPos
 0001:00009C30       GetCount
 0001:00005B2C       GetCPInfo
 0001:00000314       GetCurrentDirectory
 0001:00005E34       GetCurrentPositionEx
 0001:00005B3C       GetCurrentProcess
 0001:00005B44       GetCurrentProcessId
 0002:00003A30       GetCurrentThemeName
 0001:00005B4C       GetCurrentThreadId
 0001:000003D4       GetCurrentThreadId
 0001:00006590       GetCurrentTime
 0001:00006194       GetCursor
 0001:00074178       GetCursorHeightMargin
 0001:0000619C       GetCursorPos
 0001:00009C5C       GetDate
 0001:00005B54       GetDateFormat
 0001:0000A928       GetDateOrder
 0001:000061A4       GetDC
 0001:000061AC       GetDCEx
 0001:00005E3C       GetDCOrgEx
 0001:0002895C       GetDefFontCharSet
 0001:000183CC       GetDesigner
 0001:000061B4       GetDesktopWindow
 0001:00005E54       GetDeviceCaps
 0001:00023930       GetDIB
 0001:00005E44       GetDIBColorTable
 0001:00005E4C       GetDIBits
 0001:00023878       GetDIBSizes
 0001:00022B40       GetDInColors
 0001:00005B5C       GetDiskFreeSpaceA
 0002:00000154       GetDiskFreeSpaceEx
 0001:000061BC       GetDlgItem
 0001:0005DBB0       GetDockAlign
 0001:00050C80       GetDockSiteAtPos
 0001:000061C4       GetDoubleClickTime
 0001:00005B64       GetDriveType
 0001:00050FAC       GetDropCtl
 0001:00002B4C       GetDynaMethod
 0001:0008EF4C       GetDynamicAddressList
 0001:0008EF44       GetDynamicIndexList
 0001:0008EF38       GetDynamicMethodCount
 0001:00005E5C       GetEnhMetaFileBits
 0001:00005E64       GetEnhMetaFileDescription
 0001:00005E6C       GetEnhMetaFileHeader
 0001:00005E74       GetEnhMetaFilePaletteEntries
 0001:000142BC       GetEnumNameValue
 0001:00014308       GetEnumValue
 0001:0000B408       GetEraNamesAndYearOffsets
 0001:0000A9BC       GetEraYearOffset
 0001:00014DAC       GetErrorInfo
 0001:0000BDB0       GetExceptionClass
 0001:0000BF94       GetExceptionObject
 0001:000170C0       GetFieldClassTable
 0001:00005B6C       GetFileAttributes
 0001:00024384       GetFileFormats
 0001:00000294       GetFileSize
 0001:0000028C       GetFileType
 0001:0000C204       GetFileVersion
 0001:00005D2C       GetFileVersionInfo
 0001:00005D34       GetFileVersionInfoSize
 0001:000C13D0       GetFirstToken
 0001:000061CC       GetFocus
 0001:00097FBC       GetFontAccess
 0001:00020FA4       GetFontData
 0001:000061D4       GetForegroundWindow
 0001:0000CBB8       GetFormatSettings
 0001:00005B74       GetFullPathName
 0001:00020510       GetHashCode
 0001:0006F26C       GetHelpInfo
 0001:0002A32C       GetHelpSystem
 0001:00071B68       GetHint
 0001:0008F92C       GetHintColor
 0001:00071BA0       GetHintControl
 0001:00068088       GetHotkey
 0001:000061DC       GetIconInfo
 0001:00075670       GetIDsOfNames
 0001:0007B080       GetItemHeight
 0001:000061F4       GetKeyboardLayout
 0001:000061FC       GetKeyboardLayoutList
 0001:00006204       GetKeyboardState
 0001:000027B8       GetKeyboardType
 0001:000061E4       GetKeyNameText
 0001:000061EC       GetKeyState
 0001:0000620C       GetLastActivePopup
 0001:0005BE78       GetLastChildZone
 0001:0000031C       GetLastError
 0001:00005B7C       GetLastError
 0001:000C1448       GetLastToken
 0001:0000B1CC       GetLocaleChar
 0001:00005B8C       GetLocaleInfo
 0001:00000324       GetLocaleInfo
 0001:0000B180       GetLocaleStr
 0001:00005B84       GetLocalTime
 0001:00005B94       GetLogicalDrives
 0001:00050240       GetLongHint
 0001:00006214       GetMenu
 0001:0006F1F4       GetMenuHelpContext
 0001:0000621C       GetMenuItemCount
 0001:00006224       GetMenuItemID
 0001:0000622C       GetMenuItemInfo
 0001:00065130       GetMenuSize
 0001:00006234       GetMenuState
 0001:0000623C       GetMenuString
 0001:00006244       GetMessageTime
 0001:00005B9C       GetModuleFileName
 0001:0000032C       GetModuleFileName
 0001:00005BA4       GetModuleHandle
 0001:00000334       GetModuleHandle
 0001:000057C8       GetModuleHandle
 0001:0009E9C0       GetModulePath
 0002:00003914       GetMonitorInfo
 0002:00003918       GetMonitorInfoA
 0002:0000391C       GetMonitorInfoW
 0001:0000B230       GetMonthDayNames
 0001:0009E460       GetNativeSystemInfo
 0001:0000624C       GetNextWindow
 0001:00005E7C       GetObject
 0001:0009805C       GetOleFont
 0001:00098114       GetOlePicture
 0001:0002D030       GetOpenFileName
 0001:00014430       GetOrdProp
 0001:00005E84       GetPaletteEntries
 0001:00001AF0       GetParamStr
 0001:00006254       GetParent
 0001:0006A6C0       GetParentForm
 0001:0009800C       GetPictureAccess
 0001:00005E8C       GetPixel
 0001:0002E898       GetPrinter
 0001:00005BAC       GetPrivateProfileString
 0001:00005BB4       GetProcAddress
 0001:0000033C       GetProcAddress
 0001:00005BBC       GetProfileString
 0001:0000625C       GetProp
 0001:0001436C       GetPropInfo
 0001:000143DC       GetPropInfos
 0001:0006AB80       GetRealScrollPosition
 0001:0006004C       GetRGBColor
 0001:0002D038       GetSaveFileName
 0001:00006264       GetScrollInfo
 0001:0000626C       GetScrollPos
 0001:00006274       GetScrollRange
 0001:000501FC       GetShortHint
 0001:000005EC       GetSpace
 0001:00000650       GetSpaceAt
 0001:00062BBC       GetSpecialName
 0001:00000344       GetStartupInfo
 0001:0000029C       GetStdHandle
 0001:00005BC4       GetStdHandle
 0001:00005E94       GetStockObject
 0001:00005BCC       GetStringTypeEx
 0001:00005BD4       GetStringTypeExA
 0001:0000627C       GetSubMenu
 0001:00006284       GetSysColor
 0001:0000628C       GetSysColorBrush
 0001:00005BDC       GetSystemInfo
 0001:00006294       GetSystemMenu
 0002:00003904       GetSystemMetrics
 0001:0000629C       GetSystemMetrics
 0001:00005E9C       GetSystemPaletteEntries
 0001:00005EAC       GetTextExtentPoint
 0001:00005EA4       GetTextExtentPoint32
 0001:00005EB4       GetTextMetrics
 0002:00003A28       GetThemeAppProperties
 0002:00003994       GetThemeBackgroundContentRect
 0002:00003998       GetThemeBackgroundExtent
 0002:000039A8       GetThemeBackgroundRegion
 0002:000039CC       GetThemeBool
 0002:000039C0       GetThemeColor
 0002:00003A34       GetThemeDocumentationProperty
 0002:000039D4       GetThemeEnumValue
 0002:000039F4       GetThemeFilename
 0002:000039DC       GetThemeFont
 0002:000039D0       GetThemeInt
 0002:000039E8       GetThemeIntList
 0002:000039E4       GetThemeMargins
 0002:000039C4       GetThemeMetric
 0002:0000399C       GetThemePartSize
 0002:000039D8       GetThemePosition
 0002:000039EC       GetThemePropertyOrigin
 0002:000039E0       GetThemeRect
 0002:000039C8       GetThemeString
 0002:00003A00       GetThemeSysBool
 0002:000039F8       GetThemeSysColor
 0002:000039FC       GetThemeSysColorBrush
 0002:00003A08       GetThemeSysFont
 0002:00003A10       GetThemeSysInt
 0002:00003A04       GetThemeSysSize
 0002:00003A0C       GetThemeSysString
 0002:000039A0       GetThemeTextExtent
 0002:000039A4       GetThemeTextMetrics
 0001:00005BE4       GetThreadLocale
 0001:0000034C       GetThreadLocale
 0001:00005BEC       GetTickCount
 0001:00009C94       GetTime
 0001:000057F4       GetTlsSize
 0001:00072334       GetTopMostWindows
 0001:000503E0       GetTopParent
 0001:000062A4       GetTopWindow
 0001:000142B0       GetTypeData
[...]
    99 0001:000BC70E   100 0001:000BC720   102 0001:000BC731   104 0001:000BC76E
   117 0001:000BC778   119 0001:000BC790   120 0001:000BC7A4   121 0001:000BC7BB
   122 0001:000BC7D2   123 0001:000BC7EA   124 0001:000BC801   127 0001:000BC82B
   128 0001:000BC843   129 0001:000BC86B   130 0001:000BC87F   133 0001:000BC8AA
   134 0001:000BC8D2   135 0001:000BC8F4   136 0001:000BC940   139 0001:000BC980
   140 0001:000BC986   141 0001:000BC99F   143 0001:000BC9A4   144 0001:000BC9CC
   147 0001:000BC9E7   148 0001:000BC9FC   150 0001:000BCA03   151 0001:000BCA13
   154 0001:000BCA1D   157 0001:000BCA24   158 0001:000BCA32   161 0001:000BCA39
   162 0001:000BCA56   163 0001:000BCA5B   164 0001:000BCA61   167 0001:000BCA79
   170 0001:000BCA94   171 0001:000BCA9C   172 0001:000BCA9F   173 0001:000BCAA9
   174 0001:000BCAB0   175 0001:000BCAB5   179 0001:000BCACD   181 0001:000BCAE2
   182 0001:000BCAE7   185 0001:000BCAFD   188 0001:000BCB0E   189 0001:000BCB35
   190 0001:000BCB62   191 0001:000BCB6A   192 0001:000BCB86   193 0001:000BCB9A
   194 0001:000BCBAF   195 0001:000BCBC4   196 0001:000BCBD8   197 0001:000BCBEC
   179 0001:000BCBED   198 0001:000BCBF4   161 0001:000BCBF7   199 0001:000BCC00
   200 0001:000BCC27   205 0001:000BCC30   206 0001:000BCC39   207 0001:000BCC43
   208 0001:000BCC50   213 0001:000BCC58   214 0001:000BCC5B   215 0001:000BCC6B
   216 0001:000BCC7D   217 0001:000BCC92   218 0001:000BCCA7   219 0001:000BCCBC
   220 0001:000BCCD1   222 0001:000BCCE6   223 0001:000BCCFD   224 0001:000BCD14
   229 0001:000BCD18   230 0001:000BCD35   231 0001:000BCD84   232 0001:000BCDD3
   233 0001:000BCE0A   234 0001:000BCE31   244 0001:000BCED4   246 0001:000BCEF6
   248 0001:000BCEFB   249 0001:000BCF4A   251 0001:000BCF99   252 0001:000BCFA6
   253 0001:000BCFB3   254 0001:000BCFC0   255 0001:000BCFCD   257 0001:000BCFF2
   259 0001:000BD00A   260 0001:000BD010   263 0001:000BD032   265 0001:000BD040
   267 0001:000BD064   268 0001:000BD069   269 0001:000BD083   271 0001:000BD08D
   274 0001:000BD0A4   276 0001:000BD0AD   277 0001:000BD0E3   281 0001:000BD151
   283 0001:000BD173   271 0001:000BD174   284 0001:000BD17B   285 0001:000BD195
   269 0001:000BD198   288 0001:000BD1AF   291 0001:000BD205   294 0001:000BD448
   295 0001:000BD449   296 0001:000BD458   299 0001:000BD45C   300 0001:000BD45F
   301 0001:000BD46E   302 0001:000BD482   305 0001:000BD490   306 0001:000BD4A6
   307 0001:000BD4B5   308 0001:000BD4EE   310 0001:000BD524   310 0001:000BD52B

Line numbers for U_Config(U_Config.pas) segment .text

    37 0001:000BD75C    38 0001:000BD774    39 0001:000BD781    41 0001:000BD7D4
    45 0001:000BD828    46 0001:000BD844    47 0001:000BD853    48 0001:000BD861
    49 0001:000BD870    51 0001:000BD8AC    53 0001:000BD8D9    56 0001:000BD91C
    57 0001:000BD938    58 0001:000BD947    59 0001:000BD955    60 0001:000BD964
    62 0001:000BD992    64 0001:000BD9A2    65 0001:000BD9C7    69 0001:000BDA08
    70 0001:000BDA0D    72 0001:000BDA40    72 0001:000BDA47

Line numbers for U_Administration(U_Administration.pas) segment .text

    37 0001:000BDC80    38 0001:000BDC96    39 0001:000BDCD6    42 0001:000BDCDC
    43 0001:000BDCDF    44 0001:000BDCED    45 0001:000BDD03    48 0001:000BDD48
    49 0001:000BDD4B    50 0001:000BDD59    51 0001:000BDD6F    53 0001:000BDDE8
    53 0001:000BDDEF

Line numbers for U_Formats(U_Formats.pas) segment .text

    36 0001:000BDFD4    38 0001:000BDFFE    39 0001:000BE011    40 0001:000BE02B
    42 0001:000BE044    44 0001:000BE04C    45 0001:000BE0C1    42 0001:000BE0DA
    48 0001:000BE0E2    50 0001:000BE0F7    52 0001:000BE13B    55 0001:000BE17C
    56 0001:000BE1A0    57 0001:000BE1F1    61 0001:000BE22C    62 0001:000BE231
    67 0001:000BE234    68 0001:000BE247    69 0001:000BE25C    71 0001:000BE262
    72 0001:000BE26A    73 0001:000BE26F    75 0001:000BE296    80 0001:000BE2FC
    81 0001:000BE317    83 0001:000BE32C    85 0001:000BE333    86 0001:000BE387
    87 0001:000BE3DB    88 0001:000BE3E0    90 0001:000BE40C    92 0001:000BE50C
    92 0001:000BE513

Line numbers for U_Welcome(U_Welcome.pas) segment .text

   144 0001:000BEF48   145 0001:000BEF4B   147 0001:000BEF57   148 0001:000BEF74
   151 0001:000BEF7F   153 0001:000BEF8B   154 0001:000BEFA8   155 0001:000BEFB8
   159 0001:000BEFBA   162 0001:000BEFD7   164 0001:000BEFE3   165 0001:000BF000
   166 0001:000BF010   169 0001:000BF01B   174 0001:000BF0A8   175 0001:000BF0AD
   177 0001:000BF0C1   178 0001:000BF0D3   175 0001:000BF0D4   179 0001:000BF0D7
   180 0001:000BF0E7   185 0001:000BF0EC   186 0001:000BF0F1   188 0001:000BF105
   189 0001:000BF117   186 0001:000BF118   190 0001:000BF11B   191 0001:000BF12B
   200 0001:000BF130   202 0001:000BF153   206 0001:000BF166   210 0001:000BF17F
   211 0001:000BF18C   212 0001:000BF199   213 0001:000BF1A6   214 0001:000BF1B3
   216 0001:000BF1D0   217 0001:000BF1E4   219 0001:000BF20F   220 0001:000BF21D
   221 0001:000BF232   223 0001:000BF236   224 0001:000BF252   225 0001:000BF26E
   226 0001:000BF28A   229 0001:000BF2B5   235 0001:000BF2CD   236 0001:000BF2DA
   237 0001:000BF2E7   238 0001:000BF2F4   239 0001:000BF301   241 0001:000BF31E
   243 0001:000BF332   244 0001:000BF338   247 0001:000BF35D   251 0001:000BF36B
   252 0001:000BF373   254 0001:000BF396   255 0001:000BF39B   256 0001:000BF3B0
   258 0001:000BF3B8   261 0001:000BF3D2   263 0001:000BF3DB   264 0001:000BF40E
   268 0001:000BF47F   270 0001:000BF4A1   258 0001:000BF4A2   271 0001:000BF4A9
   272 0001:000BF4BE   256 0001:000BF4C1   276 0001:000BF4D6   282 0001:000BF4F1
   283 0001:000BF4FE   284 0001:000BF50B   285 0001:000BF518   286 0001:000BF525
   288 0001:000BF542   290 0001:000BF556   291 0001:000BF55C   294 0001:000BF581
   298 0001:000BF58F   299 0001:000BF597   301 0001:000BF5BA   302 0001:000BF5BF
   303 0001:000BF5D4   305 0001:000BF5DC   308 0001:000BF5F6   310 0001:000BF5FF
   311 0001:000BF632   315 0001:000BF6A3   317 0001:000BF6C5   305 0001:000BF6C6
   318 0001:000BF6CD   319 0001:000BF6E2   303 0001:000BF6E5   323 0001:000BF6FA
   328 0001:000BF744   335 0001:000BFB64   336 0001:000BFB79   338 0001:000BFB82
   340 0001:000BFB92   344 0001:000BFB9E   345 0001:000BFBB3   346 0001:000BFBCE
   348 0001:000BFBD5   351 0001:000BFBE5   354 0001:000BFBF3   358 0001:000BFC20
   359 0001:000BFC2B   360 0001:000BFC37   364 0001:000BFC38   365 0001:000BFC44
   368 0001:000BFC48   369 0001:000BFC4B   370 0001:000BFC52   372 0001:000BFC69
   374 0001:000BFC75   379 0001:000BFC78   380 0001:000BFC9A   382 0001:000BFCA8
   383 0001:000BFCB7   384 0001:000BFCC5   386 0001:000BFCD4   388 0001:000BFD28
   389 0001:000BFD49   390 0001:000BFD6A   391 0001:000BFD8B   392 0001:000BFDAC
   396 0001:000BFDB6   400 0001:000BFDCD   404 0001:000BFDDD   406 0001:000BFDFD
   410 0001:000BFE07   412 0001:000BFE3E   413 0001:000BFE76   414 0001:000BFEA0
   415 0001:000BFECA   419 0001:000BFED3   420 0001:000BFEDD   423 0001:000BFEE9
   425 0001:000BFEFC   426 0001:000BFF0F   427 0001:000BFF21   428 0001:000BFF39
   429 0001:000BFF51   430 0001:000BFF69   431 0001:000BFF81   433 0001:000BFF99
   434 0001:000BFFAC   435 0001:000BFFBE   436 0001:000BFFD6   437 0001:000BFFEE
   438 0001:000C0006   439 0001:000C001E   441 0001:000C0036   442 0001:000C003E
   445 0001:000C004E   447 0001:000C0089   451 0001:000C01E4   452 0001:000C01F0
   456 0001:000C01F4   457 0001:000C0200   461 0001:000C0204   462 0001:000C0210
   466 0001:000C0214   467 0001:000C0223   470 0001:000C0224   471 0001:000C0227
   472 0001:000C0232   473 0001:000C023D   474 0001:000C0242   475 0001:000C024E
   479 0001:000C0250   480 0001:000C025B   481 0001:000C0267   485 0001:000C0268
   486 0001:000C0274   490 0001:000C0278   491 0001:000C0284   496 0001:000C0288
   497 0001:000C0294   501 0001:000C0298   502 0001:000C02A3   503 0001:000C02AF
   507 0001:000C02B0   508 0001:000C02BC   512 0001:000C02C0   513 0001:000C02CC
   517 0001:000C02D0   518 0001:000C02DC   522 0001:000C02E0   523 0001:000C02EC
   527 0001:000C02F0   528 0001:000C0300   529 0001:000C0315   533 0001:000C03E4
   535 0001:000C03E7   536 0001:000C03FC   540 0001:000C0404   541 0001:000C0414
   546 0001:000C042B   551 0001:000C0430   555 0001:000C0510   557 0001:000C0513
   558 0001:000C0528   562 0001:000C0530   563 0001:000C0540   568 0001:000C0557
   572 0001:000C055C   575 0001:000C066C   576 0001:000C066F   577 0001:000C067A
   578 0001:000C0687   581 0001:000C068C   582 0001:000C068F   583 0001:000C069A
   584 0001:000C06A7   586 0001:000C06C4   590 0001:000C06DC   591 0001:000C06E8
   595 0001:000C06EC   596 0001:000C06F8   600 0001:000C06FC   601 0001:000C0708
   605 0001:000C070C   606 0001:000C0718   610 0001:000C071C   611 0001:000C0728
   615 0001:000C072C   616 0001:000C0738   620 0001:000C073C   621 0001:000C0748
   625 0001:000C074C   626 0001:000C0758   630 0001:000C075C   632 0001:000C075F
   633 0001:000C0774   637 0001:000C077C   642 0001:000C0798   647 0001:000C079D
   651 0001:000C0800   652 0001:000C080C   656 0001:000C0810   657 0001:000C081C
   661 0001:000C0820   662 0001:000C082C   666 0001:000C0830   667 0001:000C083C
   671 0001:000C0840   672 0001:000C084C   676 0001:000C0850   677 0001:000C085C
   680 0001:000C0860   682 0001:000C0864   683 0001:000C087A   687 0001:000C0880
   688 0001:000C0889   689 0001:000C0894   693 0001:000C0898   694 0001:000C089D
   698 0001:000C08A0   699 0001:000C08AC   701 0001:000C08E0   701 0001:000C08E7

Line numbers for U_Admin(U_Admin.pas) segment .text

   105 0001:000C0FA4   106 0001:000C0FCB   107 0001:000C0FF2   108 0001:000C102D
   115 0001:000C1068   116 0001:000C1084   117 0001:000C1095   118 0001:000C10A4
   117 0001:000C10AE   120 0001:000C10B3   121 0001:000C10C7   122 0001:000C10D8
   124 0001:000C10DC   125 0001:000C10FF   122 0001:000C1110   127 0001:000C1114
   128 0001:000C1140   131 0001:000C1178   132 0001:000C119F   133 0001:000C11D9
   134 0001:000C122C   140 0001:000C1264   142 0001:000C1290   143 0001:000C12CD
   145 0001:000C12D3   146 0001:000C12E1   147 0001:000C12FA   149 0001:000C12FE
   153 0001:000C1309   156 0001:000C1329   161 0001:000C1347   164 0001:000C1382
   168 0001:000C13D0   169 0001:000C13F4   171 0001:000C13FB   173 0001:000C1411
   174 0001:000C143F   181 0001:000C1448   182 0001:000C146C   184 0001:000C1478
   186 0001:000C1486   187 0001:000C14B9   192 0001:000C14C0   193 0001:000C14C7
   194 0001:000C14D0   196 0001:000C14DF   200 0001:000C14EA   201 0001:000C14F1
   200 0001:000C1507   202 0001:000C150A   204 0001:000C1518   215 0001:000C151C
   217 0001:000C1543   219 0001:000C1556   220 0001:000C1560   225 0001:000C1567
   227 0001:000C158F   228 0001:000C1599   233 0001:000C15A0   234 0001:000C15DC
   236 0001:000C15EC   237 0001:000C1602   241 0001:000C1610   243 0001:000C1632
   244 0001:000C164C   245 0001:000C1664   248 0001:000C167C   249 0001:000C1692
   250 0001:000C16A0   251 0001:000C16AE   252 0001:000C16B8   253 0001:000C16CE
   254 0001:000C16DC   255 0001:000C16EA   256 0001:000C16F8   257 0001:000C170E
   258 0001:000C1724   259 0001:000C173A   260 0001:000C1748   261 0001:000C1756
   262 0001:000C1764   263 0001:000C1772   265 0001:000C1780   267 0001:000C178D
   268 0001:000C17B9   269 0001:000C17E8   270 0001:000C1817   271 0001:000C1846
   273 0001:000C185D   277 0001:000C189C   279 0001:000C18CB   280 0001:000C1916
   281 0001:000C1961   287 0001:000C1980   291 0001:000C19A7   292 0001:000C19BB
   294 0001:000C1A10   296 0001:000C1A1E   297 0001:000C1A54   298 0001:000C1A72
   299 0001:000C1A91   300 0001:000C1AB0   301 0001:000C1ACE   303 0001:000C1AEC
   304 0001:000C1AF4   306 0001:000C1B09   310 0001:000C1B4A   313 0001:000C1C00
   315 0001:000C1C03   317 0001:000C1C08   318 0001:000C1C18   319 0001:000C1C27
   320 0001:000C1C3C   321 0001:000C1C51   322 0001:000C1C66   323 0001:000C1C7B
   324 0001:000C1C90   325 0001:000C1CA5   326 0001:000C1CBA   327 0001:000C1CCF
   328 0001:000C1CE4   329 0001:000C1CF9   330 0001:000C1D0E   331 0001:000C1D23
   333 0001:000C1D35   336 0001:000C1D38   338 0001:000C1D4F   340 0001:000C1D5B
   341 0001:000C1D67   342 0001:000C1DA7   343 0001:000C1DB5   344 0001:000C1DC2
   348 0001:000C1DCE   349 0001:000C1DDA   350 0001:000C1DE5   352 0001:000C1E0C
   355 0001:000C1E38   356 0001:000C1E3C   357 0001:000C1E43   358 0001:000C1E52
   365 0001:000C1E58   367 0001:000C1E7A   369 0001:000C1E8D   374 0001:000C1E9C
   376 0001:000C1EB4   377 0001:000C1ED5   378 0001:000C207F   374 0001:000C2080
   379 0001:000C2087   383 0001:000C20C8   387 0001:000C227C   388 0001:000C2288
   390 0001:000C228E   393 0001:000C2297   395 0001:000C229D   397 0001:000C22A6
   402 0001:000C22B0   403 0001:000C22B5   405 0001:000C22C9   406 0001:000C22DB
   403 0001:000C22DC   407 0001:000C22DF   408 0001:000C22EF   409 0001:000C22F7
   416 0001:000C22FC   418 0001:000C2341   421 0001:000C2358   422 0001:000C2366
   423 0001:000C2372   424 0001:000C2381   423 0001:000C238B   426 0001:000C2390
   427 0001:000C239E   428 0001:000C23AA   429 0001:000C23B9   428 0001:000C23C3
   431 0001:000C23C8   433 0001:000C23E2   434 0001:000C23FB   436 0001:000C2403
   437 0001:000C2473   439 0001:000C24F5   434 0001:000C250E   442 0001:000C2516
   446 0001:000C255F   452 0001:000C25A0   454 0001:000C25A3   455 0001:000C25A9
   456 0001:000C25B7   457 0001:000C25CC   459 0001:000C25D9   460 0001:000C25E4
   456 0001:000C25E5   461 0001:000C25E8   467 0001:000C25EC   468 0001:000C260C
   469 0001:000C2626   470 0001:000C2666   471 0001:000C2680   472 0001:000C26B0
   478 0001:000C26E4   479 0001:000C2704   480 0001:000C271E   481 0001:000C275E
   482 0001:000C2778   483 0001:000C27A8   489 0001:000C27DC   490 0001:000C27FC
   491 0001:000C2816   492 0001:000C2856   493 0001:000C2870   494 0001:000C28A0
   497 0001:000C28D4   498 0001:000C28EC   499 0001:000C28F8   500 0001:000C2904
   501 0001:000C2942   502 0001:000C2967   505 0001:000C2970   506 0001:000C2988
   507 0001:000C2994   508 0001:000C29A0   509 0001:000C29DE   510 0001:000C2A03
   515 0001:000C2A0C   516 0001:000C2A2A   517 0001:000C2A36   518 0001:000C2A42
   519 0001:000C2A80   520 0001:000C2A9A   521 0001:000C2ABA   522 0001:000C2AE5
   525 0001:000C2AF0   526 0001:000C2B0C   527 0001:000C2B18   528 0001:000C2B24
   529 0001:000C2B62   530 0001:000C2BAB   531 0001:000C2BE3   534 0001:000C2C08
   535 0001:000C2C24   536 0001:000C2C30   537 0001:000C2C3C   538 0001:000C2C7A
   539 0001:000C2CC3   540 0001:000C2CFB   543 0001:000C2D20   544 0001:000C2D3C
   545 0001:000C2D48   546 0001:000C2D54   547 0001:000C2D92   548 0001:000C2DDB
   549 0001:000C2E13   552 0001:000C2E38   553 0001:000C2E3B   554 0001:000C2E47
   555 0001:000C2E53   558 0001:000C2E58   559 0001:000C2E6F   560 0001:000C2EB6
   563 0001:000C2EBC   564 0001:000C2ED3   565 0001:000C2F1A   568 0001:000C2F20
   569 0001:000C2F37   570 0001:000C2F7E   573 0001:000C2F84   574 0001:000C2F9B
   575 0001:000C2FE2   578 0001:000C2FE8   579 0001:000C2FFF   580 0001:000C3046
   583 0001:000C304C   584 0001:000C3063   585 0001:000C30AA   593 0001:000C30B0
   595 0001:000C30E9   596 0001:000C30F5   597 0001:000C3104   596 0001:000C310E
   599 0001:000C3113   600 0001:000C3152   602 0001:000C316A   603 0001:000C3183
   605 0001:000C318B   606 0001:000C31FB   603 0001:000C3214   609 0001:000C321C
   610 0001:000C3231   611 0001:000C3246   614 0001:000C3256   615 0001:000C326D
   616 0001:000C32E6   619 0001:000C3364   620 0001:000C337C   621 0001:000C33DA
   624 0001:000C33E0   625 0001:000C33FB   626 0001:000C340A   627 0001:000C3426
   628 0001:000C3458   629 0001:000C34B4   632 0001:000C34BC   633 0001:000C34BF
   634 0001:000C34D1   635 0001:000C34D7   639 0001:000C34DC   640 0001:000C3501
   641 0001:000C352B   642 0001:000C3555   644 0001:000C357F   645 0001:000C35B0
   646 0001:000C35E1   648 0001:000C3612   649 0001:000C3659   650 0001:000C3663
   652 0001:000C36AA   653 0001:000C36D4   654 0001:000C36FE   655 0001:000C3728
   656 0001:000C3774   663 0001:000C377C   665 0001:000C37AF   666 0001:000C37BB
   667 0001:000C37CA   666 0001:000C37D4   669 0001:000C37D9   671 0001:000C3830
   672 0001:000C3849   674 0001:000C3851   675 0001:000C38C1   672 0001:000C38DA
   678 0001:000C38E2   679 0001:000C38F7   680 0001:000C390C   684 0001:000C391C
   685 0001:000C3960   689 0001:000C39DC   690 0001:000C39F4   694 0001:000C39F8
   695 0001:000C3A06   698 0001:000C3A08   699 0001:000C3A1D   700 0001:000C3A45
   701 0001:000C3A6C   703 0001:000C3AD8   703 0001:000C3ADF

Line numbers for mysql(mysql.pas) segment .text

   545 0001:000C3AE0   546 0001:000C3AE6   547 0001:000C3AF4   548 0001:000C3B00
   550 0001:000C3B04   551 0001:000C3B07   552 0001:000C3B0C   553 0001:000C3B15
   554 0001:000C3B20   556 0001:000C3B35   557 0001:000C3B3C   558 0001:000C3B4B
   559 0001:000C3B5A   560 0001:000C3B69   561 0001:000C3B78   562 0001:000C3B87
   563 0001:000C3B96   564 0001:000C3BA5   565 0001:000C3BB4   566 0001:000C3BC3
   567 0001:000C3BD2   568 0001:000C3BE1   569 0001:000C3BF0   570 0001:000C3BFF
   571 0001:000C3C0E   572 0001:000C3C1D   578 0001:000C3C2C   579 0001:000C3C3B
   580 0001:000C3C4A   581 0001:000C3C59   582 0001:000C3C68   583 0001:000C3C77
   584 0001:000C3C86   585 0001:000C3C95   586 0001:000C3CA4   587 0001:000C3CB3
   588 0001:000C3CC2   589 0001:000C3CD1   590 0001:000C3CE0   591 0001:000C3CEF
   592 0001:000C3CFE   593 0001:000C3D0D   594 0001:000C3D1C   595 0001:000C3D2B
   596 0001:000C3D3A   597 0001:000C3D49   598 0001:000C3D58   599 0001:000C3D67
   600 0001:000C3D76   601 0001:000C3D85   602 0001:000C3D94   603 0001:000C3DA3
   604 0001:000C3DB2   605 0001:000C3DC1   606 0001:000C3DD0   607 0001:000C3DDF
   608 0001:000C3DEE   609 0001:000C3DFD   610 0001:000C3E0C   611 0001:000C3E1B
   612 0001:000C3E2A   613 0001:000C3E39   614 0001:000C3E48   615 0001:000C3E57
   616 0001:000C3E66   617 0001:000C3E75   618 0001:000C3E84   620 0001:000C3E93
   621 0001:000C3E98   625 0001:000C42C8   626 0001:000C42DC   627 0001:000C42E3
   628 0001:000C42EA   644 0001:000C42EC   645 0001:000C4305   648 0001:000C431F
   631 0001:000C4324   636 0001:000C432D   641 0001:000C4334

Line numbers for mysqlcomp(mysqlcomp.pas) segment .text

   964 0001:000C4368   964 0001:000C436F

Line numbers for ExecAndWait(ExecAndWait.pas) segment .text

    28 0001:000C43A0    28 0001:000C43A7

Line numbers for Admin(I:\DEVELOPPEMENTS\Codes Delphi\OpenStudio Dev\OpenStudio Admin\Admin.dpr) segment .text

    38 0001:000C48C0    39 0001:000C48D7    40 0001:000C48DE    41 0001:000C48EA
    42 0001:000C48FD    43 0001:000C4910    44 0001:000C4923    45 0001:000C4936
    46 0001:000C4949    47 0001:000C495C    48 0001:000C496F    49 0001:000C4982
    50 0001:000C4995    51 0001:000C49A8    52 0001:000C49BB    53 0001:000C49CE
    54 0001:000C49E1    55 0001:000C49F4    56 0001:000C4A07    57 0001:000C4A1A
    58 0001:000C4A2D    59 0001:000C4A40    60 0001:000C4A53    61 0001:000C4A66
    62 0001:000C4A79    63 0001:000C4A8C    64 0001:000C4A9F    65 0001:000C4AB2
    66 0001:000C4AB9

Bound resource files

c:\borland\delphi7\Lib\Buttons.res
c:\borland\delphi7\Lib\ExtDlgs.res
c:\borland\delphi7\Lib\Controls.res
c:\borland\delphi7\Lib\SPIN.RES
c:\borland\delphi7\Lib\FileCtrl.res
c:\borland\delphi7\Lib\WindowsXP.res
U_ConfMySQL.dfm
U_About.dfm
C:\Borland\Delphi7\Source\JVCL320CompleteJCL197-Build2172\jvcl\Resources\JvConsts.res
FindCat.dfm
U_Gestion.dfm
U_AddZikToPage.dfm
U_Bibliotheque.dfm
U_Jingles.dfm
U_Waitlist.dfm
U_GrillePub.dfm
c:\borland\delphi7\Lib\MPlayer.res
U_Canvas.dfm
U_Timer.dfm
U_Users.dfm
U_SelectPub.dfm
U_Campaign.dfm
C:\Borland\Delphi7\Source\JVCL320CompleteJCL197-Build2172\jvcl\Resources\JvCtrls.res
U_Planning.dfm
U_Stations.dfm
U_PubLocale.dfm
U_ModifyDuree.dfm
U_log.dfm
U_Config.dfm
U_Administration.dfm
U_Formats.dfm
U_Welcome.dfm
U_Admin.dfm
Admin.res
Admin.drf


Program entry point at 0001:000C48C0
